0 MiB, 0 %
0 MiB, 0 %
0 MiB, 0 %
0 MiB, 0 %
0 MiB, 0 %
0 MiB, 0 %
0 MiB, 0 %
0 MiB, 0 %
1 MiB, 0 %
37279 MiB, 100 %
28345 MiB, 100 %
30267 MiB, 100 %
41749 MiB, 99 %
28329 MiB, 100 %
30251 MiB, 100 %
41961 MiB, 98 %
28313 MiB, 100 %
31381 MiB, 100 %
11519 MiB, 0 %
45083 MiB, 100 %
15363 MiB, 0 %
45075 MiB, 100 %
16501 MiB, 100 %
45067 MiB, 100 %
35543 MiB, 100 %
45059 MiB, 100 %
35991 MiB, 84 %
47827 MiB, 100 %
40467 MiB, 100 %
11471 MiB, 96 %
45035 MiB, 100 %
11463 MiB, 0 %
45027 MiB, 100 %
15307 MiB, 40 %
45019 MiB, 100 %
34471 MiB, 100 %
45139 MiB, 100 %
35615 MiB, 100 %
45131 MiB, 100 %
36063 MiB, 100 %
47899 MiB, 100 %
36055 MiB, 100 %
11543 MiB, 79 %
45107 MiB, 100 %
11535 MiB, 0 %
45099 MiB, 100 %
15379 MiB, 76 %
45091 MiB, 100 %
15371 MiB, 100 %
45083 MiB, 100 %
35559 MiB, 100 %
45075 MiB, 100 %
36007 MiB, 87 %
47435 MiB, 100 %
35999 MiB, 100 %
11487 MiB, 92 %
44923 MiB, 100 %
11479 MiB, 0 %
45043 MiB, 100 %
15323 MiB, 2 %
45035 MiB, 100 %
15315 MiB, 100 %
45027 MiB, 100 %
35503 MiB, 100 %
45019 MiB, 100 %
36079 MiB, 87 %
47187 MiB, 100 %
36071 MiB, 100 %
11559 MiB, 92 %
44867 MiB, 100 %
11551 MiB, 0 %
45115 MiB, 100 %
13469 MiB, 0 %
45107 MiB, 100 %
15387 MiB, 100 %
45099 MiB, 100 %
35063 MiB, 99 %
45091 MiB, 100 %
36023 MiB, 99 %
47131 MiB, 100 %
36015 MiB, 100 %
11503 MiB, 96 %
44811 MiB, 100 %
11495 MiB, 13 %
45059 MiB, 100 %
11487 MiB, 0 %
45051 MiB, 100 %
15331 MiB, 100 %
45043 MiB, 100 %
28255 MiB, 99 %
45035 MiB, 100 %
35967 MiB, 100 %
47075 MiB, 100 %
35959 MiB, 100 %
47795 MiB, 98 %
44883 MiB, 100 %
11567 MiB, 0 %
45131 MiB, 100 %
11559 MiB, 0 %
45123 MiB, 100 %
15403 MiB, 100 %
45115 MiB, 100 %
26639 MiB, 100 %
45107 MiB, 100 %
35583 MiB, 100 %
45099 MiB, 100 %
36031 MiB, 100 %
47867 MiB, 100 %
40507 MiB, 100 %
11511 MiB, 61 %
45075 MiB, 100 %
11503 MiB, 0 %
45067 MiB, 100 %
15347 MiB, 15 %
45059 MiB, 100 %
16485 MiB, 100 %
45051 MiB, 100 %
35527 MiB, 100 %
45043 MiB, 100 %
35975 MiB, 89 %
47799 MiB, 100 %
35967 MiB, 100 %
11455 MiB, 96 %
45019 MiB, 100 %
11447 MiB, 0 %
45139 MiB, 100 %
15419 MiB, 36 %
45131 MiB, 100 %
18839 MiB, 100 %
45123 MiB, 100 %
35599 MiB, 100 %
45115 MiB, 100 %
36047 MiB, 100 %
47883 MiB, 100 %
36039 MiB, 100 %
11527 MiB, 97 %
45091 MiB, 100 %
11519 MiB, 0 %
45083 MiB, 100 %
15363 MiB, 7 %
45075 MiB, 100 %
16501 MiB, 100 %
45067 MiB, 100 %
35543 MiB, 100 %
45059 MiB, 100 %
35991 MiB, 89 %
47611 MiB, 100 %
35983 MiB, 100 %
11471 MiB, 93 %
45035 MiB, 100 %
11463 MiB, 0 %
45027 MiB, 100 %
15307 MiB, 15 %
45019 MiB, 100 %
16445 MiB, 100 %
45139 MiB, 100 %
35615 MiB, 100 %
45131 MiB, 100 %
36063 MiB, 73 %
47171 MiB, 100 %
36055 MiB, 100 %
11543 MiB, 95 %
44851 MiB, 100 %
11535 MiB, 0 %
45099 MiB, 100 %
15379 MiB, 0 %
45091 MiB, 100 %
15371 MiB, 100 %
45083 MiB, 100 %
35559 MiB, 97 %
45075 MiB, 100 %
36007 MiB, 100 %
45067 MiB, 100 %
35999 MiB, 100 %
47835 MiB, 100 %
35991 MiB, 100 %
11479 MiB, 97 %
45043 MiB, 100 %
11471 MiB, 0 %
45035 MiB, 100 %
15315 MiB, 0 %
45027 MiB, 100 %
15307 MiB, 100 %
45019 MiB, 100 %
34983 MiB, 100 %
45139 MiB, 100 %
36071 MiB, 73 %
47179 MiB, 100 %
36063 MiB, 100 %
47695 MiB, 93 %
44859 MiB, 100 %
11543 MiB, 0 %
45107 MiB, 100 %
11535 MiB, 0 %
45099 MiB, 100 %
15379 MiB, 100 %
45091 MiB, 100 %
16005 MiB, 100 %
45083 MiB, 100 %
35559 MiB, 100 %
45075 MiB, 100 %
36007 MiB, 90 %
47115 MiB, 100 %
35999 MiB, 100 %
11487 MiB, 94 %
44795 MiB, 100 %
11479 MiB, 0 %
45043 MiB, 100 %
15323 MiB, 2 %
45035 MiB, 100 %
15315 MiB, 100 %
45027 MiB, 100 %
34479 MiB, 100 %
45019 MiB, 100 %
35795 MiB, 100 %
45651 MiB, 100 %
36071 MiB, 100 %
47907 MiB, 97 %
43843 MiB, 100 %
11551 MiB, 0 %
45115 MiB, 100 %
11543 MiB, 0 %
45107 MiB, 100 %
15387 MiB, 100 %
45099 MiB, 100 %
18807 MiB, 100 %
45091 MiB, 100 %
35567 MiB, 100 %
45083 MiB, 100 %
36015 MiB, 97 %
47123 MiB, 100 %
36007 MiB, 100 %
11495 MiB, 97 %
44931 MiB, 100 %
11487 MiB, 0 %
45051 MiB, 100 %
15331 MiB, 58 %
45043 MiB, 100 %
15323 MiB, 100 %
45035 MiB, 100 %
34999 MiB, 100 %
45027 MiB, 100 %
35959 MiB, 87 %
47067 MiB, 100 %
36079 MiB, 100 %
47915 MiB, 94 %
43851 MiB, 100 %
11559 MiB, 0 %
45123 MiB, 100 %
11551 MiB, 0 %
45115 MiB, 100 %
15395 MiB, 100 %
45107 MiB, 100 %
28319 MiB, 99 %
45099 MiB, 100 %
36031 MiB, 100 %
46115 MiB, 100 %
36023 MiB, 87 %
47859 MiB, 100 %
44307 MiB, 100 %
11503 MiB, 95 %
45067 MiB, 100 %
13257 MiB, 0 %
45059 MiB, 100 %
15339 MiB, 2 %
45051 MiB, 100 %
20999 MiB, 100 %
45043 MiB, 100 %
35519 MiB, 100 %
45035 MiB, 100 %
35967 MiB, 100 %
47395 MiB, 100 %
35959 MiB, 100 %
11447 MiB, 100 %
44883 MiB, 100 %
11567 MiB, 80 %
45131 MiB, 100 %
15255 MiB, 0 %
45123 MiB, 100 %
15403 MiB, 8 %
45115 MiB, 100 %
28327 MiB, 100 %
45107 MiB, 100 %
36039 MiB, 100 %
47147 MiB, 100 %
36031 MiB, 87 %
47867 MiB, 100 %
43803 MiB, 100 %
11511 MiB, 91 %
45075 MiB, 100 %
11503 MiB, 0 %
45067 MiB, 100 %
15347 MiB, 0 %
45059 MiB, 100 %
15339 MiB, 100 %
45051 MiB, 100 %
35527 MiB, 100 %
45043 MiB, 100 %
35975 MiB, 100 %
45035 MiB, 100 %
35967 MiB, 100 %
47803 MiB, 100 %
35959 MiB, 100 %
11447 MiB, 100 %
44883 MiB, 100 %
11567 MiB, 93 %
45131 MiB, 100 %
15193 MiB, 0 %
45123 MiB, 100 %
15403 MiB, 31 %
45115 MiB, 100 %
28327 MiB, 100 %
45107 MiB, 100 %
36039 MiB, 100 %
47147 MiB, 100 %
36031 MiB, 100 %
11519 MiB, 100 %
44955 MiB, 100 %
11511 MiB, 51 %
45075 MiB, 100 %
15355 MiB, 0 %
45067 MiB, 100 %
15347 MiB, 87 %
45059 MiB, 100 %
35535 MiB, 100 %
45051 MiB, 100 %
35983 MiB, 100 %
47091 MiB, 100 %
35975 MiB, 73 %
31035 MiB, 100 %
43747 MiB, 100 %
11455 MiB, 93 %
45019 MiB, 100 %
11449 MiB, 0 %
45139 MiB, 100 %
15419 MiB, 87 %
45131 MiB, 100 %
28343 MiB, 100 %
45123 MiB, 100 %
36055 MiB, 100 %
47163 MiB, 100 %
36047 MiB, 100 %
39323 MiB, 100 %
41163 MiB, 100 %
11527 MiB, 35 %
45091 MiB, 100 %
15371 MiB, 0 %
45083 MiB, 100 %
15363 MiB, 100 %
45075 MiB, 100 %
35039 MiB, 99 %
45067 MiB, 100 %
35999 MiB, 100 %
47267 MiB, 100 %
35991 MiB, 100 %
11479 MiB, 97 %
44915 MiB, 100 %
11471 MiB, 0 %
45035 MiB, 100 %
15315 MiB, 0 %
45027 MiB, 100 %
18735 MiB, 100 %
45019 MiB, 100 %
35495 MiB, 100 %
45139 MiB, 100 %
36071 MiB, 87 %
47907 MiB, 100 %
40547 MiB, 100 %
11551 MiB, 96 %
45115 MiB, 100 %
11543 MiB, 0 %
45107 MiB, 100 %
15387 MiB, 59 %
45099 MiB, 100 %
28311 MiB, 100 %
45091 MiB, 100 %
36023 MiB, 100 %
47131 MiB, 100 %
36015 MiB, 100 %
11503 MiB, 100 %
44811 MiB, 100 %
11495 MiB, 48 %
45059 MiB, 100 %
15339 MiB, 0 %
45051 MiB, 100 %
15331 MiB, 100 %
45043 MiB, 100 %
35007 MiB, 99 %
45035 MiB, 100 %
35967 MiB, 100 %
47395 MiB, 100 %
40361 MiB, 100 %
11447 MiB, 93 %
45139 MiB, 100 %
11567 MiB, 0 %
45131 MiB, 100 %
15411 MiB, 35 %
45123 MiB, 100 %
26647 MiB, 100 %
45115 MiB, 100 %
36047 MiB, 100 %
46131 MiB, 100 %
36039 MiB, 100 %
11527 MiB, 100 %
44835 MiB, 100 %
11519 MiB, 58 %
45083 MiB, 100 %
15207 MiB, 0 %
45075 MiB, 100 %
15355 MiB, 100 %
45067 MiB, 100 %
35543 MiB, 99 %
45059 MiB, 100 %
35991 MiB, 100 %
47419 MiB, 100 %
35983 MiB, 100 %
11471 MiB, 95 %
45035 MiB, 100 %
11463 MiB, 0 %
45027 MiB, 100 %
15307 MiB, 2 %
45019 MiB, 100 %
26031 MiB, 100 %
45139 MiB, 100 %
35687 MiB, 100 %
45131 MiB, 100 %
36063 MiB, 87 %
47899 MiB, 100 %
40539 MiB, 100 %
11543 MiB, 96 %
45107 MiB, 100 %
13305 MiB, 0 %
45099 MiB, 100 %
15379 MiB, 87 %
45091 MiB, 100 %
35055 MiB, 100 %
45083 MiB, 100 %
36015 MiB, 100 %
47283 MiB, 100 %
36007 MiB, 100 %
11495 MiB, 97 %
45059 MiB, 100 %
11487 MiB, 0 %
45051 MiB, 100 %
15331 MiB, 0 %
45043 MiB, 100 %
18791 MiB, 100 %
45035 MiB, 100 %
35511 MiB, 100 %
45027 MiB, 100 %
35959 MiB, 87 %
47795 MiB, 100 %
43859 MiB, 100 %
11567 MiB, 95 %
45131 MiB, 100 %
13329 MiB, 0 %
45123 MiB, 100 %
15403 MiB, 83 %
45115 MiB, 100 %
35079 MiB, 100 %
45107 MiB, 100 %
36039 MiB, 100 %
47147 MiB, 100 %
36031 MiB, 100 %
11519 MiB, 100 %
44827 MiB, 100 %
11511 MiB, 52 %
45075 MiB, 100 %
15355 MiB, 0 %
45067 MiB, 100 %
15949 MiB, 100 %
45059 MiB, 100 %
35535 MiB, 99 %
45051 MiB, 100 %
35983 MiB, 100 %
47819 MiB, 100 %
35975 MiB, 100 %
11463 MiB, 95 %
45027 MiB, 100 %
11455 MiB, 0 %
45019 MiB, 100 %
15299 MiB, 89 %
45139 MiB, 100 %
26151 MiB, 100 %
45131 MiB, 100 %
36063 MiB, 100 %
46147 MiB, 100 %
36055 MiB, 100 %
11543 MiB, 98 %
44851 MiB, 100 %
11535 MiB, 0 %
45099 MiB, 100 %
15379 MiB, 0 %
45091 MiB, 100 %
15371 MiB, 100 %
45083 MiB, 100 %
35047 MiB, 99 %
45075 MiB, 100 %
36007 MiB, 87 %
47435 MiB, 100 %
35999 MiB, 100 %
11487 MiB, 93 %
44923 MiB, 100 %
11479 MiB, 0 %
45043 MiB, 100 %
15323 MiB, 37 %
45035 MiB, 100 %
19295 MiB, 100 %
45027 MiB, 100 %
35503 MiB, 100 %
45019 MiB, 100 %
36079 MiB, 100 %
47915 MiB, 100 %
43851 MiB, 100 %
11559 MiB, 67 %
45123 MiB, 100 %
13321 MiB, 0 %
45115 MiB, 100 %
15395 MiB, 100 %
45107 MiB, 100 %
35071 MiB, 99 %
45099 MiB, 100 %
36031 MiB, 100 %
47139 MiB, 100 %
36023 MiB, 100 %
11511 MiB, 98 %
44819 MiB, 100 %
11503 MiB, 9 %
45067 MiB, 100 %
15191 MiB, 0 %
45059 MiB, 100 %
15339 MiB, 100 %
45051 MiB, 100 %
35015 MiB, 99 %
45043 MiB, 100 %
35975 MiB, 100 %
47435 MiB, 100 %
35967 MiB, 100 %
11455 MiB, 93 %
45019 MiB, 100 %
11447 MiB, 0 %
45139 MiB, 100 %
15419 MiB, 21 %
45131 MiB, 100 %
18839 MiB, 100 %
45123 MiB, 100 %
35599 MiB, 100 %
45115 MiB, 100 %
36047 MiB, 99 %
47883 MiB, 100 %
36633 MiB, 100 %
11527 MiB, 98 %
45091 MiB, 100 %
11519 MiB, 0 %
45083 MiB, 100 %
15363 MiB, 96 %
45075 MiB, 100 %
28287 MiB, 100 %
45067 MiB, 100 %
35999 MiB, 100 %
47107 MiB, 100 %
35991 MiB, 100 %
11479 MiB, 99 %
44787 MiB, 100 %
11471 MiB, 4 %
45035 MiB, 100 %
13389 MiB, 0 %
45027 MiB, 100 %
15307 MiB, 100 %
45019 MiB, 100 %
34983 MiB, 99 %
45139 MiB, 100 %
36071 MiB, 87 %
47499 MiB, 100 %
36063 MiB, 100 %
11551 MiB, 91 %
45115 MiB, 100 %
11543 MiB, 0 %
45107 MiB, 100 %
15387 MiB, 2 %
45099 MiB, 100 %
16525 MiB, 100 %
45091 MiB, 100 %
35567 MiB, 100 %
45083 MiB, 100 %
36015 MiB, 87 %
47851 MiB, 100 %
36601 MiB, 100 %
11495 MiB, 97 %
45059 MiB, 100 %
11487 MiB, 0 %
45051 MiB, 100 %
15331 MiB, 98 %
45043 MiB, 100 %
34495 MiB, 100 %
45035 MiB, 100 %
35739 MiB, 100 %
45027 MiB, 100 %
35959 MiB, 100 %
47795 MiB, 100 %
43859 MiB, 100 %
11567 MiB, 87 %
45131 MiB, 100 %
13329 MiB, 0 %
45123 MiB, 100 %
15403 MiB, 100 %
45115 MiB, 100 %
35079 MiB, 99 %
45107 MiB, 100 %
36039 MiB, 100 %
47147 MiB, 100 %
36031 MiB, 100 %
11519 MiB, 98 %
44827 MiB, 100 %
11511 MiB, 0 %
45075 MiB, 100 %
15355 MiB, 79 %
45067 MiB, 100 %
16493 MiB, 100 %
45059 MiB, 100 %
35535 MiB, 100 %
45051 MiB, 100 %
35983 MiB, 100 %
47819 MiB, 100 %
40459 MiB, 100 %
11463 MiB, 22 %
45027 MiB, 100 %
11455 MiB, 0 %
45019 MiB, 100 %
15299 MiB, 100 %
45139 MiB, 100 %
28351 MiB, 99 %
45131 MiB, 100 %
36063 MiB, 87 %
47171 MiB, 100 %
36055 MiB, 100 %
11543 MiB, 94 %
44851 MiB, 100 %
11535 MiB, 0 %
45099 MiB, 100 %
15223 MiB, 0 %
45091 MiB, 100 %
15371 MiB, 100 %
45083 MiB, 100 %
35047 MiB, 100 %
45075 MiB, 100 %
36007 MiB, 100 %
47115 MiB, 100 %
35999 MiB, 100 %
32331 MiB, 95 %
44795 MiB, 100 %
11479 MiB, 0 %
45043 MiB, 100 %
15213 MiB, 0 %
45035 MiB, 100 %
15315 MiB, 100 %
45027 MiB, 100 %
28239 MiB, 99 %
45019 MiB, 100 %
35639 MiB, 100 %
45139 MiB, 100 %
36071 MiB, 100 %
47907 MiB, 100 %
36063 MiB, 100 %
11551 MiB, 89 %
45115 MiB, 100 %
11543 MiB, 0 %
45107 MiB, 100 %
15387 MiB, 32 %
45099 MiB, 100 %
15379 MiB, 100 %
45091 MiB, 100 %
34543 MiB, 99 %
45083 MiB, 100 %
35559 MiB, 100 %
45075 MiB, 100 %
36007 MiB, 100 %
47843 MiB, 100 %
35999 MiB, 100 %
11487 MiB, 93 %
44795 MiB, 100 %
11479 MiB, 0 %
45043 MiB, 100 %
15323 MiB, 4 %
45035 MiB, 100 %
15315 MiB, 100 %
45027 MiB, 100 %
34991 MiB, 99 %
45019 MiB, 100 %
35951 MiB, 100 %
45139 MiB, 100 %
36071 MiB, 100 %
47907 MiB, 100 %
36063 MiB, 100 %
11551 MiB, 70 %
45115 MiB, 100 %
11543 MiB, 0 %
45107 MiB, 100 %
15387 MiB, 92 %
45099 MiB, 100 %
16525 MiB, 100 %
45091 MiB, 100 %
35567 MiB, 100 %
45083 MiB, 100 %
36015 MiB, 80 %
47123 MiB, 100 %
36007 MiB, 100 %
47843 MiB, 98 %
44291 MiB, 100 %
11487 MiB, 8 %
45051 MiB, 100 %
13177 MiB, 0 %
45043 MiB, 100 %
15323 MiB, 100 %
45035 MiB, 100 %
28247 MiB, 99 %
45027 MiB, 100 %
35959 MiB, 100 %
46555 MiB, 100 %
36079 MiB, 100 %
42279 MiB, 96 %
44875 MiB, 100 %
11559 MiB, 0 %
45123 MiB, 100 %
11551 MiB, 0 %
45115 MiB, 100 %
15395 MiB, 100 %
45107 MiB, 100 %
34559 MiB, 98 %
45099 MiB, 100 %
35575 MiB, 100 %
45091 MiB, 100 %
36023 MiB, 98 %
47835 MiB, 100 %
36015 MiB, 100 %
11503 MiB, 93 %
44811 MiB, 100 %
11495 MiB, 0 %
45059 MiB, 100 %
15183 MiB, 0 %
45051 MiB, 100 %
15331 MiB, 100 %
45043 MiB, 100 %
35007 MiB, 99 %
45035 MiB, 100 %
35967 MiB, 100 %
45027 MiB, 100 %
35959 MiB, 100 %
47795 MiB, 100 %
36079 MiB, 100 %
11567 MiB, 97 %
45131 MiB, 100 %
11559 MiB, 0 %
45123 MiB, 100 %
15403 MiB, 65 %
45115 MiB, 100 %
17687 MiB, 100 %
45107 MiB, 100 %
35583 MiB, 100 %
45099 MiB, 100 %
36031 MiB, 99 %
47867 MiB, 100 %
36023 MiB, 100 %
11511 MiB, 100 %
45075 MiB, 100 %
11503 MiB, 0 %
45067 MiB, 100 %
15347 MiB, 0 %
45059 MiB, 100 %
15941 MiB, 100 %
45051 MiB, 100 %
35527 MiB, 99 %
45043 MiB, 100 %
35975 MiB, 100 %
47083 MiB, 100 %
35967 MiB, 100 %
11455 MiB, 99 %
44891 MiB, 100 %
11447 MiB, 4 %
45139 MiB, 100 %
15419 MiB, 0 %
45131 MiB, 100 %
15411 MiB, 97 %
45123 MiB, 100 %
35599 MiB, 100 %
45115 MiB, 100 %
36047 MiB, 100 %
45619 MiB, 100 %
36039 MiB, 79 %
47875 MiB, 100 %
36031 MiB, 100 %
11519 MiB, 92 %
45083 MiB, 100 %
11511 MiB, 0 %
45075 MiB, 100 %
15355 MiB, 0 %
45067 MiB, 100 %
17639 MiB, 100 %
45059 MiB, 100 %
35535 MiB, 100 %
45051 MiB, 100 %
35983 MiB, 100 %
47091 MiB, 100 %
35975 MiB, 100 %
11463 MiB, 100 %
44771 MiB, 100 %
11455 MiB, 70 %
45019 MiB, 100 %
11451 MiB, 0 %
45139 MiB, 100 %
15419 MiB, 12 %
45131 MiB, 100 %
27831 MiB, 100 %
45123 MiB, 100 %
35599 MiB, 98 %
45115 MiB, 100 %
36047 MiB, 100 %
47475 MiB, 100 %
36039 MiB, 100 %
11527 MiB, 97 %
45091 MiB, 100 %
11519 MiB, 0 %
45083 MiB, 100 %
15365 MiB, 0 %
45075 MiB, 100 %
15957 MiB, 100 %
45067 MiB, 100 %
28273 MiB, 100 %
11483 MiB, 0 %
11483 MiB, 0 %
11483 MiB, 0 %
11471 MiB, 11 %
13095 MiB, 94 %
14267 MiB, 89 %
11933 MiB, 99 %
13971 MiB, 30 %
11559 MiB, 99 %
13559 MiB, 95 %
14219 MiB, 100 %
12043 MiB, 98 %
14275 MiB, 39 %
11515 MiB, 99 %
13819 MiB, 69 %
14299 MiB, 100 %
11965 MiB, 97 %
14203 MiB, 22 %
11463 MiB, 99 %
13655 MiB, 88 %
14251 MiB, 100 %
11917 MiB, 97 %
14259 MiB, 14 %
11543 MiB, 99 %
13745 MiB, 83 %
14203 MiB, 100 %
11997 MiB, 97 %
14255 MiB, 23 %
11497 MiB, 99 %
13829 MiB, 80 %
14283 MiB, 100 %
11949 MiB, 97 %
14211 MiB, 30 %
11577 MiB, 99 %
13787 MiB, 72 %
12245 MiB, 100 %
11901 MiB, 96 %
14291 MiB, 29 %
11529 MiB, 99 %
13593 MiB, 77 %
14315 MiB, 100 %
11981 MiB, 98 %
14171 MiB, 20 %
11481 MiB, 99 %
13803 MiB, 87 %
14267 MiB, 100 %
11933 MiB, 97 %
14195 MiB, 35 %
11765 MiB, 99 %
14027 MiB, 51 %
11487 MiB, 99 %
13103 MiB, 95 %
14275 MiB, 85 %
11941 MiB, 99 %
14043 MiB, 34 %
11567 MiB, 99 %
13631 MiB, 93 %
14227 MiB, 100 %
11893 MiB, 99 %
14211 MiB, 28 %
11519 MiB, 99 %
13007 MiB, 94 %
14307 MiB, 84 %
11973 MiB, 99 %
14163 MiB, 21 %
11471 MiB, 99 %
13663 MiB, 90 %
14259 MiB, 78 %
11925 MiB, 99 %
14243 MiB, 34 %
11551 MiB, 99 %
13615 MiB, 95 %
14211 MiB, 76 %
12005 MiB, 99 %
14171 MiB, 31 %
11503 MiB, 100 %
11915 MiB, 96 %
14291 MiB, 44 %
11733 MiB, 99 %
13835 MiB, 73 %
14315 MiB, 100 %
11981 MiB, 98 %
14243 MiB, 14 %
11479 MiB, 99 %
13671 MiB, 93 %
14267 MiB, 81 %
11933 MiB, 94 %
14099 MiB, 92 %
11559 MiB, 99 %
13745 MiB, 23 %
14219 MiB, 99 %
12013 MiB, 93 %
14179 MiB, 87 %
11511 MiB, 99 %
13511 MiB, 25 %
14299 MiB, 99 %
11965 MiB, 95 %
14179 MiB, 89 %
11463 MiB, 99 %
13797 MiB, 24 %
14251 MiB, 99 %
11993 MiB, 61 %
14307 MiB, 100 %
11749 MiB, 96 %
14011 MiB, 65 %
11471 MiB, 99 %
13023 MiB, 40 %
14259 MiB, 99 %
11925 MiB, 95 %
14243 MiB, 80 %
11551 MiB, 99 %
13615 MiB, 18 %
14211 MiB, 99 %
12005 MiB, 94 %
14195 MiB, 87 %
11503 MiB, 99 %
13567 MiB, 14 %
14291 MiB, 99 %
11957 MiB, 94 %
14195 MiB, 92 %
11583 MiB, 99 %
13647 MiB, 19 %
14243 MiB, 100 %
11909 MiB, 95 %
14075 MiB, 60 %
11535 MiB, 99 %
12191 MiB, 53 %
14195 MiB, 100 %
11765 MiB, 97 %
13899 MiB, 36 %
11487 MiB, 99 %
11997 MiB, 72 %
14275 MiB, 100 %
11717 MiB, 97 %
13723 MiB, 26 %
13163 MiB, 99 %
11965 MiB, 70 %
14227 MiB, 100 %
11463 MiB, 99 %
13797 MiB, 21 %
14251 MiB, 99 %
11917 MiB, 89 %
14307 MiB, 100 %
11545 MiB, 98 %
13749 MiB, 22 %
14203 MiB, 99 %
11997 MiB, 94 %
14211 MiB, 84 %
11495 MiB, 99 %
12855 MiB, 49 %
14283 MiB, 100 %
11725 MiB, 98 %
13859 MiB, 30 %
14307 MiB, 99 %
11973 MiB, 94 %
14163 MiB, 77 %
11471 MiB, 99 %
13663 MiB, 26 %
14259 MiB, 99 %
11955 MiB, 94 %
14291 MiB, 83 %
11553 MiB, 98 %
13859 MiB, 14 %
14211 MiB, 99 %
12005 MiB, 94 %
14267 MiB, 94 %
11505 MiB, 99 %
13827 MiB, 13 %
14291 MiB, 99 %
11957 MiB, 91 %
13995 MiB, 43 %
11583 MiB, 99 %
11941 MiB, 80 %
14243 MiB, 100 %
11683 MiB, 98 %
13867 MiB, 22 %
14267 MiB, 99 %
11933 MiB, 92 %
14195 MiB, 87 %
11559 MiB, 99 %
13633 MiB, 40 %
14219 MiB, 99 %
12013 MiB, 95 %
14251 MiB, 80 %
11511 MiB, 99 %
13575 MiB, 38 %
14299 MiB, 100 %
11965 MiB, 97 %
14131 MiB, 45 %
11463 MiB, 99 %
13073 MiB, 51 %
14251 MiB, 100 %
11917 MiB, 96 %
13955 MiB, 32 %
11543 MiB, 99 %
12775 MiB, 80 %
14203 MiB, 100 %
11997 MiB, 97 %
14099 MiB, 43 %
11495 MiB, 99 %
12855 MiB, 68 %
14283 MiB, 100 %
11949 MiB, 97 %
14115 MiB, 50 %
0 MiB, 0 %
0 MiB, 0 %
0 MiB, 0 %
0 MiB, 0 %
0 MiB, 0 %
0 MiB, 0 %
0 MiB, 0 %
0 MiB, 0 %
0 MiB, 0 %
0 MiB, 0 %
0 MiB, 0 %
0 MiB, 0 %
0 MiB, 0 %
0 MiB, 0 %
0 MiB, 0 %
0 MiB, 0 %
0 MiB, 0 %
0 MiB, 0 %
0 MiB, 0 %
0 MiB, 0 %
0 MiB, 0 %
0 MiB, 0 %
0 MiB, 0 %
0 MiB, 0 %
0 MiB, 0 %
0 MiB, 0 %
0 MiB, 0 %
0 MiB, 0 %
0 MiB, 0 %
0 MiB, 0 %
0 MiB, 0 %
0 MiB, 0 %
0 MiB, 0 %
0 MiB, 0 %
0 MiB, 0 %
0 MiB, 0 %
0 MiB, 0 %
0 MiB, 0 %
0 MiB, 0 %
0 MiB, 0 %
0 MiB, 0 %
0 MiB, 0 %
0 MiB, 0 %
0 MiB, 0 %
0 MiB, 0 %
0 MiB, 0 %
0 MiB, 0 %
0 MiB, 0 %
0 MiB, 0 %
0 MiB, 0 %
0 MiB, 0 %
0 MiB, 0 %
0 MiB, 0 %
0 MiB, 0 %
0 MiB, 0 %
0 MiB, 0 %
0 MiB, 0 %
0 MiB, 0 %
0 MiB, 0 %
0 MiB, 0 %
0 MiB, 0 %
0 MiB, 0 %
0 MiB, 0 %
0 MiB, 0 %
0 MiB, 0 %
0 MiB, 0 %
0 MiB, 0 %
0 MiB, 0 %
0 MiB, 0 %
0 MiB, 0 %
0 MiB, 0 %
0 MiB, 0 %
0 MiB, 0 %
0 MiB, 0 %
0 MiB, 0 %
0 MiB, 0 %
0 MiB, 0 %
0 MiB, 0 %
0 MiB, 0 %
0 MiB, 0 %
0 MiB, 0 %
0 MiB, 0 %
0 MiB, 0 %
0 MiB, 0 %
0 MiB, 0 %
0 MiB, 0 %
0 MiB, 0 %
0 MiB, 0 %
0 MiB, 0 %
0 MiB, 0 %
0 MiB, 0 %
0 MiB, 0 %
0 MiB, 0 %
0 MiB, 0 %
0 MiB, 0 %
0 MiB, 0 %
0 MiB, 0 %
0 MiB, 0 %
0 MiB, 0 %
0 MiB, 0 %
0 MiB, 0 %
0 MiB, 0 %
0 MiB, 0 %
0 MiB, 0 %
0 MiB, 0 %
0 MiB, 0 %
0 MiB, 0 %
0 MiB, 0 %
0 MiB, 0 %
0 MiB, 0 %
0 MiB, 0 %
0 MiB, 0 %
0 MiB, 0 %
0 MiB, 0 %
0 MiB, 0 %
0 MiB, 0 %
0 MiB, 0 %
0 MiB, 0 %
0 MiB, 0 %
0 MiB, 0 %
0 MiB, 0 %
0 MiB, 0 %
0 MiB, 0 %
0 MiB, 0 %
0 MiB, 0 %
0 MiB, 0 %
0 MiB, 0 %
0 MiB, 0 %
0 MiB, 0 %
0 MiB, 0 %
0 MiB, 0 %
0 MiB, 0 %
0 MiB, 0 %
0 MiB, 0 %
0 MiB, 0 %
0 MiB, 0 %
0 MiB, 0 %
0 MiB, 0 %
0 MiB, 0 %
0 MiB, 0 %
0 MiB, 0 %
0 MiB, 0 %
0 MiB, 0 %
0 MiB, 0 %
0 MiB, 0 %
0 MiB, 0 %
0 MiB, 0 %
0 MiB, 0 %
0 MiB, 0 %
0 MiB, 0 %
0 MiB, 0 %
0 MiB, 0 %
0 MiB, 0 %
0 MiB, 0 %
0 MiB, 0 %
0 MiB, 0 %
0 MiB, 0 %
0 MiB, 0 %
0 MiB, 0 %
0 MiB, 0 %
0 MiB, 0 %
0 MiB, 0 %
0 MiB, 0 %
0 MiB, 0 %
0 MiB, 0 %
0 MiB, 0 %
0 MiB, 0 %
0 MiB, 0 %
0 MiB, 0 %
0 MiB, 0 %
0 MiB, 0 %
0 MiB, 0 %
0 MiB, 0 %
0 MiB, 0 %
0 MiB, 0 %
0 MiB, 0 %
0 MiB, 0 %
0 MiB, 0 %
0 MiB, 0 %
0 MiB, 0 %
0 MiB, 0 %
0 MiB, 0 %
0 MiB, 0 %
0 MiB, 0 %
0 MiB, 0 %
0 MiB, 0 %
0 MiB, 0 %
0 MiB, 0 %
0 MiB, 0 %
0 MiB, 0 %
0 MiB, 0 %
0 MiB, 0 %
0 MiB, 0 %
0 MiB, 0 %
0 MiB, 0 %
0 MiB, 0 %
0 MiB, 0 %
0 MiB, 0 %
0 MiB, 0 %
0 MiB, 0 %
0 MiB, 0 %
0 MiB, 0 %
0 MiB, 0 %
0 MiB, 0 %
0 MiB, 0 %
0 MiB, 0 %
0 MiB, 0 %
0 MiB, 0 %
0 MiB, 0 %
0 MiB, 0 %
0 MiB, 0 %
0 MiB, 0 %
0 MiB, 0 %
0 MiB, 0 %
0 MiB, 0 %
0 MiB, 0 %
0 MiB, 0 %
0 MiB, 0 %
0 MiB, 0 %
0 MiB, 0 %
0 MiB, 0 %
0 MiB, 0 %
0 MiB, 0 %
0 MiB, 0 %
0 MiB, 0 %
0 MiB, 0 %
0 MiB, 0 %
0 MiB, 0 %
0 MiB, 0 %
0 MiB, 0 %
0 MiB, 0 %
0 MiB, 0 %
0 MiB, 0 %
0 MiB, 0 %
0 MiB, 0 %
0 MiB, 0 %
0 MiB, 0 %
0 MiB, 0 %
0 MiB, 0 %
0 MiB, 0 %
0 MiB, 0 %
0 MiB, 0 %
0 MiB, 0 %
0 MiB, 0 %
0 MiB, 0 %
0 MiB, 0 %
0 MiB, 0 %
0 MiB, 0 %
0 MiB, 0 %
0 MiB, 0 %
0 MiB, 0 %
0 MiB, 0 %
0 MiB, 0 %
0 MiB, 0 %
0 MiB, 0 %
0 MiB, 0 %
0 MiB, 0 %
0 MiB, 0 %
0 MiB, 0 %
0 MiB, 0 %
0 MiB, 0 %
0 MiB, 0 %
0 MiB, 0 %
0 MiB, 0 %
0 MiB, 0 %
0 MiB, 0 %
0 MiB, 0 %
0 MiB, 0 %
0 MiB, 0 %
0 MiB, 0 %
0 MiB, 0 %
0 MiB, 0 %
0 MiB, 0 %
0 MiB, 0 %
0 MiB, 0 %
0 MiB, 0 %
0 MiB, 0 %
0 MiB, 0 %
0 MiB, 0 %
0 MiB, 0 %
0 MiB, 0 %
0 MiB, 0 %
0 MiB, 0 %
0 MiB, 0 %
0 MiB, 0 %
0 MiB, 0 %
0 MiB, 0 %
0 MiB, 0 %
13401 MiB, 96 %
17871 MiB, 100 %
17867 MiB, 100 %
17863 MiB, 100 %
17859 MiB, 100 %
17855 MiB, 100 %
17851 MiB, 100 %
17847 MiB, 100 %
17843 MiB, 100 %
17839 MiB, 100 %
18065 MiB, 95 %
18061 MiB, 94 %
18057 MiB, 94 %
18055 MiB, 94 %
18049 MiB, 94 %
18045 MiB, 94 %
18041 MiB, 95 %
18037 MiB, 94 %
18033 MiB, 94 %
18029 MiB, 94 %
18025 MiB, 94 %
18021 MiB, 94 %
18017 MiB, 94 %
18013 MiB, 93 %
18009 MiB, 93 %
18005 MiB, 95 %
18001 MiB, 95 %
17997 MiB, 95 %
17995 MiB, 95 %
17989 MiB, 95 %
17755 MiB, 100 %
17751 MiB, 100 %
17875 MiB, 100 %
17871 MiB, 100 %
17867 MiB, 100 %
17863 MiB, 100 %
17859 MiB, 100 %
17855 MiB, 100 %
17851 MiB, 100 %
17847 MiB, 100 %
17331 MiB, 89 %
17327 MiB, 76 %
17323 MiB, 62 %
10567 MiB, 37 %
7731 MiB, 8 %
7727 MiB, 7 %
7723 MiB, 0 %
7719 MiB, 0 %
7715 MiB, 0 %
7711 MiB, 20 %
7707 MiB, 13 %
7703 MiB, 5 %
7699 MiB, 0 %
7695 MiB, 0 %
7691 MiB, 0 %
7687 MiB, 1 %
7683 MiB, 5 %
7679 MiB, 7 %
7675 MiB, 15 %
7671 MiB, 21 %
7667 MiB, 29 %
7663 MiB, 47 %
7661 MiB, 72 %
7655 MiB, 90 %
8923 MiB, 100 %
10607 MiB, 100 %
17355 MiB, 100 %
17351 MiB, 100 %
17859 MiB, 96 %
17855 MiB, 96 %
17851 MiB, 95 %
17847 MiB, 95 %
17843 MiB, 92 %
18069 MiB, 98 %
18065 MiB, 99 %
18061 MiB, 99 %
18057 MiB, 99 %
18053 MiB, 100 %
18049 MiB, 93 %
18045 MiB, 68 %
18041 MiB, 68 %
18037 MiB, 67 %
18033 MiB, 69 %
18029 MiB, 79 %
18025 MiB, 77 %
18021 MiB, 74 %
18017 MiB, 80 %
18013 MiB, 87 %
18009 MiB, 97 %
18005 MiB, 100 %
18003 MiB, 100 %
17997 MiB, 100 %
17993 MiB, 100 %
17989 MiB, 100 %
17985 MiB, 100 %
17981 MiB, 100 %
18105 MiB, 100 %
18101 MiB, 100 %
18099 MiB, 100 %
18093 MiB, 100 %
18091 MiB, 95 %
18085 MiB, 97 %
18081 MiB, 66 %
18077 MiB, 69 %
18073 MiB, 75 %
18071 MiB, 69 %
18065 MiB, 67 %
18061 MiB, 67 %
18057 MiB, 67 %
18053 MiB, 70 %
18049 MiB, 75 %
18045 MiB, 85 %
18041 MiB, 84 %
18037 MiB, 90 %
18033 MiB, 94 %
18029 MiB, 94 %
18025 MiB, 99 %
18021 MiB, 93 %
18017 MiB, 85 %
18013 MiB, 86 %
18011 MiB, 92 %
18005 MiB, 97 %
18001 MiB, 95 %
17997 MiB, 95 %
17993 MiB, 92 %
17989 MiB, 100 %
17985 MiB, 100 %
17981 MiB, 100 %
18105 MiB, 100 %
18101 MiB, 100 %
18097 MiB, 100 %
18093 MiB, 100 %
18089 MiB, 100 %
18085 MiB, 100 %
18081 MiB, 100 %
17845 MiB, 100 %
18665 MiB, 100 %
21957 MiB, 100 %
21953 MiB, 100 %
21949 MiB, 100 %
21945 MiB, 100 %
21941 MiB, 100 %
22449 MiB, 100 %
22445 MiB, 100 %
21929 MiB, 100 %
21925 MiB, 100 %
22433 MiB, 100 %
22429 MiB, 100 %
22425 MiB, 100 %
22421 MiB, 100 %
22545 MiB, 100 %
22541 MiB, 100 %
22537 MiB, 100 %
22533 MiB, 100 %
22529 MiB, 100 %
22397 MiB, 100 %
22393 MiB, 100 %
22389 MiB, 100 %
22385 MiB, 100 %
22381 MiB, 100 %
22505 MiB, 100 %
22501 MiB, 100 %
22497 MiB, 100 %
22493 MiB, 100 %
22489 MiB, 100 %
22485 MiB, 100 %
22481 MiB, 100 %
22477 MiB, 100 %
22473 MiB, 100 %
22469 MiB, 100 %
22465 MiB, 100 %
22461 MiB, 100 %
22457 MiB, 100 %
22453 MiB, 100 %
22449 MiB, 100 %
22445 MiB, 100 %
22569 MiB, 100 %
22565 MiB, 100 %
22561 MiB, 100 %
22557 MiB, 100 %
22553 MiB, 100 %
22549 MiB, 100 %
22545 MiB, 100 %
22541 MiB, 100 %
22537 MiB, 100 %
22533 MiB, 100 %
22529 MiB, 100 %
22525 MiB, 100 %
22521 MiB, 100 %
22389 MiB, 100 %
17985 MiB, 70 %
17981 MiB, 66 %
18105 MiB, 82 %
18101 MiB, 100 %
18097 MiB, 99 %
18093 MiB, 95 %
17931 MiB, 95 %
17855 MiB, 96 %
17851 MiB, 97 %
17847 MiB, 100 %
17331 MiB, 100 %
10575 MiB, 86 %
7739 MiB, 56 %
7735 MiB, 13 %
7731 MiB, 2 %
7727 MiB, 0 %
7723 MiB, 0 %
7561 MiB, 0 %
5787 MiB, 0 %
5783 MiB, 0 %
5779 MiB, 0 %
5775 MiB, 0 %
5771 MiB, 0 %
5767 MiB, 0 %
5763 MiB, 0 %
5759 MiB, 0 %
5755 MiB, 0 %
5751 MiB, 0 %
5747 MiB, 0 %
5743 MiB, 32 %
5739 MiB, 51 %
5735 MiB, 47 %
23905 MiB, 99 %
23537 MiB, 100 %
23533 MiB, 100 %
22633 MiB, 100 %
22629 MiB, 100 %
22625 MiB, 100 %
22621 MiB, 100 %
22617 MiB, 100 %
22613 MiB, 100 %
22609 MiB, 100 %
22605 MiB, 100 %
22601 MiB, 100 %
22597 MiB, 100 %
22593 MiB, 100 %
22589 MiB, 100 %
22585 MiB, 99 %
22453 MiB, 99 %
21937 MiB, 100 %
5787 MiB, 0 %
5787 MiB, 0 %
5783 MiB, 85 %
5751 MiB, 77 %
5847 MiB, 65 %
5815 MiB, 57 %
5783 MiB, 50 %
5751 MiB, 49 %
5849 MiB, 39 %
5817 MiB, 30 %
5949 MiB, 22 %
5955 MiB, 13 %
6051 MiB, 11 %
6019 MiB, 7 %
5783 MiB, 66 %
5751 MiB, 51 %
5847 MiB, 54 %
5817 MiB, 42 %
5785 MiB, 32 %
5917 MiB, 23 %
6051 MiB, 11 %
6019 MiB, 7 %
6953 MiB, 29 %
6937 MiB, 32 %
7097 MiB, 48 %
7177 MiB, 72 %
7145 MiB, 85 %
5747 MiB, 90 %
5843 MiB, 68 %
5811 MiB, 69 %
6969 MiB, 41 %
7065 MiB, 47 %
7209 MiB, 62 %
7177 MiB, 59 %
7145 MiB, 64 %
7113 MiB, 66 %
7209 MiB, 84 %
5811 MiB, 95 %
5779 MiB, 95 %
5747 MiB, 91 %
5843 MiB, 85 %
5811 MiB, 74 %
5779 MiB, 67 %
5747 MiB, 60 %
5843 MiB, 69 %
5811 MiB, 56 %
6835 MiB, 18 %
6799 MiB, 18 %
7033 MiB, 37 %
7129 MiB, 44 %
7145 MiB, 62 %
7113 MiB, 65 %
7209 MiB, 83 %
7177 MiB, 70 %
7145 MiB, 73 %
7113 MiB, 81 %
5843 MiB, 65 %
7001 MiB, 94 %
6969 MiB, 58 %
6937 MiB, 64 %
7161 MiB, 70 %
7129 MiB, 72 %
5799 MiB, 0 %
5799 MiB, 0 %
22581 MiB, 100 %
17819 MiB, 95 %
5791 MiB, 0 %
8821 MiB, 100 %
22441 MiB, 75 %
17807 MiB, 18 %
5779 MiB, 0 %
23585 MiB, 100 %
18621 MiB, 26 %
17795 MiB, 6 %
5767 MiB, 0 %
22549 MiB, 100 %
18017 MiB, 14 %
17271 MiB, 0 %
5755 MiB, 0 %
22537 MiB, 100 %
18005 MiB, 0 %
7693 MiB, 0 %
5743 MiB, 47 %
22525 MiB, 100 %
17993 MiB, 14 %
17247 MiB, 0 %
6059 MiB, 0 %
7009 MiB, 42 %
7153 MiB, 93 %
5755 MiB, 47 %
0 MiB, 5 %
0 MiB, 0 %
0 MiB, 0 %
0 MiB, 0 %
0 MiB, 0 %
0 MiB, 0 %
0 MiB, 0 %
0 MiB, 0 %
0 MiB, 0 %
0 MiB, 0 %
0 MiB, 0 %
0 MiB, 0 %
0 MiB, 0 %
0 MiB, 0 %
0 MiB, 0 %
0 MiB, 0 %
0 MiB, 0 %
0 MiB, 0 %
0 MiB, 0 %
0 MiB, 0 %
0 MiB, 0 %
0 MiB, 0 %
0 MiB, 0 %
0 MiB, 0 %
0 MiB, 0 %
0 MiB, 0 %
0 MiB, 0 %
0 MiB, 0 %
0 MiB, 0 %
0 MiB, 0 %
0 MiB, 0 %
0 MiB, 0 %
0 MiB, 0 %
0 MiB, 0 %
0 MiB, 0 %
0 MiB, 0 %
0 MiB, 0 %
0 MiB, 0 %
0 MiB, 0 %
0 MiB, 0 %
0 MiB, 0 %
0 MiB, 0 %
0 MiB, 0 %
0 MiB, 0 %
0 MiB, 0 %
0 MiB, 0 %
0 MiB, 0 %
0 MiB, 0 %
0 MiB, 0 %
0 MiB, 0 %
0 MiB, 0 %
0 MiB, 0 %
0 MiB, 0 %
0 MiB, 0 %
0 MiB, 0 %
0 MiB, 0 %
0 MiB, 0 %
0 MiB, 0 %
0 MiB, 0 %
0 MiB, 0 %
0 MiB, 0 %
0 MiB, 0 %
0 MiB, 0 %
0 MiB, 0 %
0 MiB, 0 %
0 MiB, 0 %
0 MiB, 0 %
0 MiB, 0 %
0 MiB, 0 %
0 MiB, 0 %
0 MiB, 0 %
0 MiB, 0 %
0 MiB, 0 %
0 MiB, 0 %
0 MiB, 0 %
0 MiB, 0 %
0 MiB, 0 %
0 MiB, 0 %
0 MiB, 0 %
0 MiB, 0 %
0 MiB, 0 %
0 MiB, 0 %
0 MiB, 0 %
0 MiB, 0 %
0 MiB, 0 %
0 MiB, 0 %
0 MiB, 0 %
0 MiB, 0 %
0 MiB, 0 %
0 MiB, 0 %
0 MiB, 0 %
0 MiB, 0 %
0 MiB, 0 %
0 MiB, 0 %
0 MiB, 0 %
0 MiB, 0 %
0 MiB, 0 %
0 MiB, 0 %
0 MiB, 0 %
0 MiB, 0 %
0 MiB, 0 %
0 MiB, 0 %
0 MiB, 0 %
0 MiB, 0 %
0 MiB, 0 %
0 MiB, 0 %
0 MiB, 0 %
0 MiB, 0 %
0 MiB, 0 %
0 MiB, 0 %
0 MiB, 0 %
0 MiB, 0 %
0 MiB, 0 %
0 MiB, 0 %
0 MiB, 0 %
0 MiB, 0 %
0 MiB, 0 %
0 MiB, 0 %
0 MiB, 0 %
0 MiB, 0 %
0 MiB, 0 %
0 MiB, 0 %
0 MiB, 0 %
0 MiB, 0 %
0 MiB, 0 %
0 MiB, 0 %
0 MiB, 0 %
0 MiB, 0 %
0 MiB, 0 %
0 MiB, 0 %
0 MiB, 0 %
0 MiB, 0 %
0 MiB, 0 %
25891 MiB, 100 %
5847 MiB, 36 %
30357 MiB, 100 %
5843 MiB, 0 %
39153 MiB, 99 %
5839 MiB, 0 %
39405 MiB, 100 %
5835 MiB, 0 %
39401 MiB, 100 %
5831 MiB, 0 %
39397 MiB, 100 %
9683 MiB, 0 %
39393 MiB, 100 %
9679 MiB, 59 %
39389 MiB, 100 %
9675 MiB, 100 %
39385 MiB, 100 %
28839 MiB, 100 %
39381 MiB, 100 %
29859 MiB, 99 %
41425 MiB, 100 %
30317 MiB, 100 %
42149 MiB, 99 %
30313 MiB, 62 %
5799 MiB, 56 %
30309 MiB, 100 %
5795 MiB, 0 %
30305 MiB, 100 %
5791 MiB, 0 %
39357 MiB, 99 %
5787 MiB, 0 %
39353 MiB, 100 %
5783 MiB, 0 %
39349 MiB, 100 %
5779 MiB, 0 %
39345 MiB, 100 %
9631 MiB, 54 %
39341 MiB, 100 %
9627 MiB, 100 %
39337 MiB, 100 %
9623 MiB, 100 %
39333 MiB, 100 %
28787 MiB, 97 %
39329 MiB, 100 %
29807 MiB, 100 %
41373 MiB, 99 %
30265 MiB, 36 %
30825 MiB, 64 %
30261 MiB, 100 %
5747 MiB, 55 %
30257 MiB, 100 %
5743 MiB, 0 %
31437 MiB, 100 %
5739 MiB, 0 %
39305 MiB, 100 %
5735 MiB, 0 %
39301 MiB, 100 %
5731 MiB, 0 %
39297 MiB, 100 %
5727 MiB, 0 %
39293 MiB, 100 %
9261 MiB, 4 %
39417 MiB, 100 %
9703 MiB, 75 %
39413 MiB, 100 %
9699 MiB, 100 %
39409 MiB, 100 %
9695 MiB, 100 %
39405 MiB, 100 %
28859 MiB, 100 %
39401 MiB, 100 %
29879 MiB, 100 %
40421 MiB, 100 %
30337 MiB, 99 %
42169 MiB, 100 %
30333 MiB, 100 %
5819 MiB, 99 %
30329 MiB, 40 %
5815 MiB, 51 %
30325 MiB, 100 %
5811 MiB, 43 %
39121 MiB, 100 %
5807 MiB, 0 %
39373 MiB, 100 %
5803 MiB, 0 %
39369 MiB, 99 %
5799 MiB, 0 %
39365 MiB, 100 %
5795 MiB, 0 %
39361 MiB, 100 %
9647 MiB, 0 %
39357 MiB, 100 %
9643 MiB, 0 %
39353 MiB, 100 %
9639 MiB, 67 %
39349 MiB, 100 %
15299 MiB, 100 %
39345 MiB, 100 %
29823 MiB, 100 %
39341 MiB, 100 %
29819 MiB, 91 %
41705 MiB, 100 %
30277 MiB, 100 %
5763 MiB, 99 %
30273 MiB, 51 %
5759 MiB, 81 %
30269 MiB, 100 %
5755 MiB, 77 %
38041 MiB, 100 %
5751 MiB, 0 %
39317 MiB, 100 %
5747 MiB, 0 %
39313 MiB, 99 %
5743 MiB, 0 %
39309 MiB, 100 %
5739 MiB, 0 %
39305 MiB, 99 %
5735 MiB, 0 %
39301 MiB, 100 %
5731 MiB, 0 %
39297 MiB, 100 %
5727 MiB, 0 %
39293 MiB, 100 %
5723 MiB, 0 %
39417 MiB, 100 %
5847 MiB, 0 %
39413 MiB, 100 %
5843 MiB, 0 %
39409 MiB, 100 %
5841 MiB, 0 %
39405 MiB, 100 %
9691 MiB, 0 %
39401 MiB, 100 %
9687 MiB, 0 %
39397 MiB, 100 %
9683 MiB, 0 %
39393 MiB, 100 %
9679 MiB, 47 %
39389 MiB, 100 %
15339 MiB, 100 %
39385 MiB, 100 %
29863 MiB, 100 %
39381 MiB, 100 %
29859 MiB, 91 %
41425 MiB, 100 %
30317 MiB, 100 %
5803 MiB, 100 %
30313 MiB, 62 %
5799 MiB, 92 %
30309 MiB, 96 %
5795 MiB, 82 %
30305 MiB, 100 %
5791 MiB, 0 %
39101 MiB, 100 %
5787 MiB, 0 %
39353 MiB, 99 %
5783 MiB, 0 %
39349 MiB, 100 %
5779 MiB, 0 %
39345 MiB, 100 %
9631 MiB, 0 %
39341 MiB, 100 %
9627 MiB, 0 %
39337 MiB, 100 %
9623 MiB, 44 %
39333 MiB, 100 %
15283 MiB, 100 %
39329 MiB, 100 %
29807 MiB, 100 %
39325 MiB, 100 %
29947 MiB, 91 %
41753 MiB, 100 %
30261 MiB, 100 %
5747 MiB, 100 %
30257 MiB, 72 %
5743 MiB, 98 %
30253 MiB, 100 %
5739 MiB, 89 %
31433 MiB, 100 %
5735 MiB, 0 %
39301 MiB, 100 %
5731 MiB, 0 %
39297 MiB, 99 %
5727 MiB, 0 %
39293 MiB, 100 %
5723 MiB, 0 %
39417 MiB, 100 %
9385 MiB, 0 %
39413 MiB, 100 %
9699 MiB, 7 %
39409 MiB, 100 %
9695 MiB, 100 %
39405 MiB, 100 %
15355 MiB, 100 %
39401 MiB, 100 %
29879 MiB, 92 %
39397 MiB, 100 %
29875 MiB, 99 %
41761 MiB, 100 %
30333 MiB, 100 %
5819 MiB, 99 %
30329 MiB, 58 %
5815 MiB, 49 %
30325 MiB, 100 %
5811 MiB, 21 %
38097 MiB, 100 %
5807 MiB, 0 %
39373 MiB, 100 %
5803 MiB, 0 %
39369 MiB, 100 %
5799 MiB, 0 %
39365 MiB, 100 %
5795 MiB, 0 %
39361 MiB, 100 %
9647 MiB, 0 %
39357 MiB, 100 %
9643 MiB, 12 %
39353 MiB, 100 %
9639 MiB, 69 %
39349 MiB, 100 %
9635 MiB, 100 %
39345 MiB, 100 %
28799 MiB, 100 %
39341 MiB, 100 %
29819 MiB, 98 %
41385 MiB, 100 %
30277 MiB, 100 %
5763 MiB, 99 %
30273 MiB, 32 %
5759 MiB, 57 %
30269 MiB, 100 %
5755 MiB, 64 %
30265 MiB, 100 %
5751 MiB, 0 %
39061 MiB, 100 %
5747 MiB, 0 %
39313 MiB, 98 %
5743 MiB, 0 %
39309 MiB, 100 %
5739 MiB, 0 %
39305 MiB, 100 %
9339 MiB, 0 %
39301 MiB, 100 %
9587 MiB, 0 %
39297 MiB, 100 %
9583 MiB, 35 %
39293 MiB, 100 %
9707 MiB, 100 %
39417 MiB, 100 %
28871 MiB, 100 %
39413 MiB, 100 %
29891 MiB, 92 %
41457 MiB, 100 %
30349 MiB, 100 %
42181 MiB, 100 %
30345 MiB, 93 %
5831 MiB, 98 %
30341 MiB, 91 %
5827 MiB, 75 %
30337 MiB, 100 %
5823 MiB, 0 %
39133 MiB, 100 %
5819 MiB, 0 %
39385 MiB, 99 %
5815 MiB, 0 %
39381 MiB, 100 %
5811 MiB, 0 %
39377 MiB, 100 %
9345 MiB, 0 %
39373 MiB, 100 %
9659 MiB, 0 %
39369 MiB, 100 %
9655 MiB, 71 %
39365 MiB, 100 %
11939 MiB, 100 %
39361 MiB, 100 %
29839 MiB, 100 %
39357 MiB, 100 %
29835 MiB, 99 %
41721 MiB, 100 %
30293 MiB, 100 %
5779 MiB, 99 %
30289 MiB, 62 %
5775 MiB, 51 %
30285 MiB, 100 %
5771 MiB, 0 %
38057 MiB, 100 %
5767 MiB, 0 %
39333 MiB, 99 %
5763 MiB, 0 %
39329 MiB, 99 %
5759 MiB, 0 %
39325 MiB, 100 %
5755 MiB, 0 %
39321 MiB, 100 %
9607 MiB, 0 %
39317 MiB, 100 %
9603 MiB, 16 %
39313 MiB, 100 %
9599 MiB, 100 %
39309 MiB, 100 %
28763 MiB, 100 %
39305 MiB, 100 %
29783 MiB, 91 %
41349 MiB, 100 %
30241 MiB, 100 %
28673 MiB, 99 %
30237 MiB, 48 %
5723 MiB, 80 %
30361 MiB, 100 %
5847 MiB, 65 %
31541 MiB, 100 %
5843 MiB, 0 %
39409 MiB, 100 %
5839 MiB, 0 %
39405 MiB, 99 %
5835 MiB, 0 %
39401 MiB, 100 %
5831 MiB, 0 %
39397 MiB, 100 %
9683 MiB, 0 %
39393 MiB, 100 %
9679 MiB, 11 %
39389 MiB, 100 %
9675 MiB, 100 %
39385 MiB, 100 %
28839 MiB, 100 %
39381 MiB, 100 %
29859 MiB, 93 %
41425 MiB, 100 %
30317 MiB, 100 %
42149 MiB, 100 %
30313 MiB, 80 %
5799 MiB, 98 %
30309 MiB, 84 %
5795 MiB, 68 %
30305 MiB, 100 %
5791 MiB, 0 %
39101 MiB, 100 %
5787 MiB, 0 %
39353 MiB, 99 %
5783 MiB, 0 %
39349 MiB, 99 %
5779 MiB, 0 %
39345 MiB, 100 %
9631 MiB, 0 %
39341 MiB, 100 %
9627 MiB, 0 %
39337 MiB, 100 %
9623 MiB, 100 %
39333 MiB, 100 %
11907 MiB, 100 %
39329 MiB, 100 %
29807 MiB, 92 %
39325 MiB, 100 %
29803 MiB, 100 %
41689 MiB, 100 %
30261 MiB, 58 %
5747 MiB, 89 %
30257 MiB, 100 %
5743 MiB, 80 %
30253 MiB, 100 %
5739 MiB, 0 %
38025 MiB, 100 %
5735 MiB, 0 %
39301 MiB, 99 %
5731 MiB, 0 %
39297 MiB, 100 %
5727 MiB, 0 %
39293 MiB, 100 %
5723 MiB, 0 %
39417 MiB, 100 %
9703 MiB, 3 %
39413 MiB, 100 %
9699 MiB, 81 %
39409 MiB, 100 %
9695 MiB, 100 %
39405 MiB, 100 %
28859 MiB, 100 %
39401 MiB, 100 %
29879 MiB, 99 %
41445 MiB, 100 %
30337 MiB, 100 %
41825 MiB, 99 %
30333 MiB, 53 %
5819 MiB, 50 %
30329 MiB, 100 %
5815 MiB, 31 %
30325 MiB, 100 %
5811 MiB, 0 %
39121 MiB, 100 %
5807 MiB, 0 %
39373 MiB, 100 %
5803 MiB, 0 %
39369 MiB, 100 %
5799 MiB, 0 %
39365 MiB, 100 %
9651 MiB, 0 %
39361 MiB, 100 %
9647 MiB, 17 %
39357 MiB, 100 %
9643 MiB, 100 %
39353 MiB, 100 %
15303 MiB, 100 %
39349 MiB, 100 %
29827 MiB, 92 %
39345 MiB, 100 %
29823 MiB, 100 %
41709 MiB, 100 %
30281 MiB, 64 %
5767 MiB, 93 %
30277 MiB, 100 %
5763 MiB, 83 %
30273 MiB, 100 %
5759 MiB, 0 %
39325 MiB, 100 %
5755 MiB, 0 %
5755 MiB, 0 %
5747 MiB, 26 %
5847 MiB, 85 %
6045 MiB, 18 %
7153 MiB, 8 %
5759 MiB, 90 %
6331 MiB, 13 %
5827 MiB, 45 %
5973 MiB, 81 %
7109 MiB, 4 %
5739 MiB, 78 %
6183 MiB, 40 %
7173 MiB, 5 %
6949 MiB, 11 %
5973 MiB, 59 %
5845 MiB, 94 %
5811 MiB, 51 %
7097 MiB, 13 %
5959 MiB, 73 %
5847 MiB, 60 %
7181 MiB, 0 %
7101 MiB, 10 %
5981 MiB, 46 %
5851 MiB, 84 %
5819 MiB, 18 %
6977 MiB, 20 %
5967 MiB, 59 %
5855 MiB, 68 %
5823 MiB, 14 %
7157 MiB, 5 %
5989 MiB, 58 %
5731 MiB, 85 %
5827 MiB, 18 %
7113 MiB, 15 %
5975 MiB, 71 %
5735 MiB, 56 %
7197 MiB, 4 %
6851 MiB, 23 %
5773 MiB, 82 %
5739 MiB, 59 %
7201 MiB, 5 %
6993 MiB, 37 %
5983 MiB, 80 %
5743 MiB, 50 %
7205 MiB, 6 %
6859 MiB, 32 %
6005 MiB, 73 %
5747 MiB, 55 %
7209 MiB, 11 %
6023 MiB, 62 %
5783 MiB, 63 %
7117 MiB, 3 %
6899 MiB, 28 %
6045 MiB, 70 %
5787 MiB, 59 %
7121 MiB, 9 %
6199 MiB, 61 %
0 MiB, 0 %
0 MiB, 0 %
0 MiB, 0 %
0 MiB, 0 %
0 MiB, 0 %
0 MiB, 0 %
0 MiB, 0 %
0 MiB, 0 %
0 MiB, 0 %
0 MiB, 0 %
0 MiB, 0 %
0 MiB, 0 %
0 MiB, 0 %
0 MiB, 0 %
0 MiB, 0 %
0 MiB, 0 %
0 MiB, 0 %
0 MiB, 0 %
0 MiB, 0 %
0 MiB, 0 %
0 MiB, 0 %
0 MiB, 0 %
0 MiB, 0 %
0 MiB, 0 %
0 MiB, 0 %
0 MiB, 0 %
0 MiB, 0 %
0 MiB, 0 %
0 MiB, 0 %
0 MiB, 0 %
0 MiB, 0 %
0 MiB, 0 %
0 MiB, 0 %
0 MiB, 0 %
0 MiB, 0 %
0 MiB, 0 %
0 MiB, 0 %
0 MiB, 0 %
0 MiB, 0 %
0 MiB, 0 %
0 MiB, 0 %
0 MiB, 0 %
0 MiB, 0 %
0 MiB, 0 %
0 MiB, 0 %
0 MiB, 0 %
0 MiB, 0 %
0 MiB, 0 %
0 MiB, 0 %
0 MiB, 0 %
0 MiB, 0 %
0 MiB, 0 %
0 MiB, 0 %
0 MiB, 0 %
0 MiB, 0 %
0 MiB, 0 %
0 MiB, 0 %
0 MiB, 0 %
0 MiB, 0 %
0 MiB, 0 %
0 MiB, 0 %
0 MiB, 0 %
0 MiB, 0 %
0 MiB, 0 %
0 MiB, 0 %
0 MiB, 0 %
0 MiB, 0 %
0 MiB, 0 %
0 MiB, 0 %
0 MiB, 0 %
0 MiB, 0 %
0 MiB, 0 %
0 MiB, 0 %
0 MiB, 0 %
0 MiB, 0 %
0 MiB, 0 %
0 MiB, 0 %
0 MiB, 0 %
0 MiB, 0 %
0 MiB, 0 %
0 MiB, 0 %
0 MiB, 0 %
0 MiB, 0 %
0 MiB, 0 %
0 MiB, 0 %
0 MiB, 0 %
0 MiB, 0 %
0 MiB, 0 %
0 MiB, 0 %
0 MiB, 0 %
0 MiB, 0 %
0 MiB, 0 %
0 MiB, 0 %
0 MiB, 0 %
0 MiB, 0 %
0 MiB, 0 %
0 MiB, 0 %
0 MiB, 0 %
0 MiB, 0 %
0 MiB, 0 %
0 MiB, 0 %
0 MiB, 0 %
0 MiB, 0 %
0 MiB, 0 %
0 MiB, 0 %
0 MiB, 0 %
0 MiB, 0 %
0 MiB, 0 %
0 MiB, 0 %
0 MiB, 0 %
0 MiB, 0 %
0 MiB, 0 %
0 MiB, 0 %
0 MiB, 0 %
0 MiB, 0 %
0 MiB, 0 %
0 MiB, 0 %
0 MiB, 0 %
0 MiB, 0 %
0 MiB, 0 %
0 MiB, 0 %
0 MiB, 0 %
0 MiB, 0 %
0 MiB, 0 %
0 MiB, 0 %
0 MiB, 0 %
0 MiB, 0 %
0 MiB, 0 %
0 MiB, 0 %
0 MiB, 0 %
0 MiB, 0 %
0 MiB, 0 %
0 MiB, 0 %
0 MiB, 0 %
0 MiB, 0 %
0 MiB, 0 %
0 MiB, 0 %
0 MiB, 0 %
0 MiB, 0 %
0 MiB, 0 %
0 MiB, 0 %
0 MiB, 0 %
0 MiB, 0 %
0 MiB, 0 %
0 MiB, 0 %
0 MiB, 0 %
0 MiB, 0 %
0 MiB, 0 %
0 MiB, 0 %
0 MiB, 0 %
0 MiB, 0 %
0 MiB, 0 %
0 MiB, 0 %
0 MiB, 0 %
0 MiB, 0 %
0 MiB, 0 %
0 MiB, 0 %
0 MiB, 0 %
0 MiB, 0 %
0 MiB, 0 %
0 MiB, 0 %
0 MiB, 0 %
0 MiB, 0 %
0 MiB, 0 %
0 MiB, 0 %
0 MiB, 0 %
0 MiB, 0 %
0 MiB, 0 %
0 MiB, 0 %
0 MiB, 0 %
0 MiB, 0 %
0 MiB, 0 %
0 MiB, 0 %
0 MiB, 0 %
0 MiB, 0 %
0 MiB, 0 %
0 MiB, 0 %
0 MiB, 0 %
0 MiB, 0 %
0 MiB, 0 %
0 MiB, 0 %
0 MiB, 0 %
0 MiB, 0 %
0 MiB, 0 %
0 MiB, 0 %
0 MiB, 0 %
0 MiB, 0 %
0 MiB, 0 %
0 MiB, 0 %
0 MiB, 0 %
0 MiB, 0 %
0 MiB, 0 %
0 MiB, 0 %
0 MiB, 0 %
0 MiB, 0 %
0 MiB, 0 %
0 MiB, 0 %
0 MiB, 0 %
0 MiB, 0 %
0 MiB, 0 %
0 MiB, 0 %
0 MiB, 0 %
0 MiB, 0 %
0 MiB, 0 %
0 MiB, 0 %
0 MiB, 0 %
0 MiB, 0 %
0 MiB, 0 %
0 MiB, 0 %
0 MiB, 0 %
0 MiB, 0 %
0 MiB, 0 %
0 MiB, 0 %
0 MiB, 0 %
0 MiB, 0 %
0 MiB, 0 %
0 MiB, 0 %
0 MiB, 0 %
0 MiB, 0 %
0 MiB, 0 %
0 MiB, 0 %
0 MiB, 0 %
0 MiB, 0 %
0 MiB, 0 %
0 MiB, 0 %
0 MiB, 0 %
0 MiB, 0 %
0 MiB, 0 %
0 MiB, 0 %
0 MiB, 0 %
0 MiB, 0 %
0 MiB, 0 %
0 MiB, 0 %
0 MiB, 0 %
0 MiB, 0 %
0 MiB, 0 %
0 MiB, 0 %
0 MiB, 0 %
0 MiB, 0 %
0 MiB, 0 %
0 MiB, 0 %
0 MiB, 0 %
0 MiB, 0 %
0 MiB, 0 %
0 MiB, 0 %
0 MiB, 0 %
0 MiB, 0 %
0 MiB, 0 %
0 MiB, 0 %
0 MiB, 0 %
0 MiB, 0 %
0 MiB, 0 %
0 MiB, 0 %
0 MiB, 0 %
0 MiB, 0 %
0 MiB, 0 %
0 MiB, 0 %
0 MiB, 0 %
0 MiB, 0 %
0 MiB, 0 %
0 MiB, 0 %
0 MiB, 0 %
0 MiB, 0 %
0 MiB, 0 %
0 MiB, 0 %
0 MiB, 0 %
0 MiB, 0 %
0 MiB, 0 %
0 MiB, 0 %
0 MiB, 0 %
0 MiB, 0 %
0 MiB, 0 %
0 MiB, 0 %
0 MiB, 0 %
0 MiB, 0 %
0 MiB, 0 %
0 MiB, 0 %
0 MiB, 0 %
0 MiB, 0 %
0 MiB, 0 %
0 MiB, 0 %
0 MiB, 0 %
0 MiB, 0 %
0 MiB, 0 %
0 MiB, 0 %
0 MiB, 0 %
0 MiB, 0 %
0 MiB, 0 %
0 MiB, 0 %
0 MiB, 0 %
0 MiB, 0 %
0 MiB, 0 %
0 MiB, 0 %
0 MiB, 0 %
0 MiB, 0 %
0 MiB, 0 %
0 MiB, 0 %
0 MiB, 0 %
0 MiB, 0 %
0 MiB, 0 %
0 MiB, 0 %
0 MiB, 0 %
0 MiB, 0 %
0 MiB, 0 %
0 MiB, 0 %
0 MiB, 0 %
0 MiB, 0 %
0 MiB, 0 %
0 MiB, 0 %
0 MiB, 0 %
0 MiB, 0 %
0 MiB, 0 %
0 MiB, 0 %
0 MiB, 0 %
0 MiB, 0 %
0 MiB, 0 %
0 MiB, 0 %
0 MiB, 0 %
0 MiB, 0 %
0 MiB, 0 %
0 MiB, 0 %
0 MiB, 0 %
0 MiB, 0 %
0 MiB, 0 %
0 MiB, 0 %
0 MiB, 0 %
0 MiB, 0 %
0 MiB, 0 %
0 MiB, 0 %
0 MiB, 0 %
0 MiB, 0 %
0 MiB, 0 %
0 MiB, 0 %
0 MiB, 0 %
0 MiB, 0 %
0 MiB, 0 %
0 MiB, 0 %
0 MiB, 0 %
0 MiB, 0 %
0 MiB, 0 %
0 MiB, 0 %
0 MiB, 0 %
0 MiB, 0 %
0 MiB, 0 %
0 MiB, 0 %
0 MiB, 0 %
0 MiB, 0 %
0 MiB, 0 %
0 MiB, 0 %
0 MiB, 0 %
0 MiB, 0 %
0 MiB, 0 %
0 MiB, 0 %
0 MiB, 0 %
0 MiB, 0 %
0 MiB, 0 %
0 MiB, 0 %
0 MiB, 0 %
0 MiB, 0 %
0 MiB, 0 %
0 MiB, 0 %
0 MiB, 0 %
0 MiB, 0 %
0 MiB, 0 %
0 MiB, 0 %
0 MiB, 0 %
0 MiB, 0 %
0 MiB, 0 %
0 MiB, 0 %
0 MiB, 0 %
0 MiB, 0 %
0 MiB, 0 %
0 MiB, 0 %
0 MiB, 0 %
0 MiB, 0 %
0 MiB, 0 %
0 MiB, 0 %
0 MiB, 0 %
0 MiB, 0 %
0 MiB, 0 %
0 MiB, 0 %
0 MiB, 0 %
0 MiB, 0 %
0 MiB, 0 %
0 MiB, 0 %
0 MiB, 0 %
0 MiB, 0 %
0 MiB, 0 %
0 MiB, 0 %
0 MiB, 0 %
0 MiB, 0 %
0 MiB, 0 %
0 MiB, 0 %
0 MiB, 0 %
0 MiB, 0 %
0 MiB, 0 %
0 MiB, 0 %
0 MiB, 0 %
0 MiB, 0 %
0 MiB, 0 %
0 MiB, 0 %
0 MiB, 0 %
0 MiB, 0 %
0 MiB, 0 %
0 MiB, 0 %
0 MiB, 0 %
0 MiB, 0 %
0 MiB, 0 %
0 MiB, 0 %
0 MiB, 0 %
0 MiB, 0 %
0 MiB, 0 %
0 MiB, 0 %
0 MiB, 0 %
0 MiB, 0 %
0 MiB, 0 %
0 MiB, 0 %
0 MiB, 0 %
0 MiB, 0 %
0 MiB, 0 %
0 MiB, 0 %
0 MiB, 0 %
0 MiB, 0 %
0 MiB, 0 %
0 MiB, 0 %
0 MiB, 0 %
0 MiB, 0 %
0 MiB, 0 %
0 MiB, 0 %
0 MiB, 0 %
0 MiB, 0 %
0 MiB, 0 %
0 MiB, 0 %
0 MiB, 0 %
0 MiB, 0 %
0 MiB, 0 %
0 MiB, 0 %
0 MiB, 0 %
0 MiB, 0 %
0 MiB, 0 %
0 MiB, 0 %
0 MiB, 0 %
0 MiB, 0 %
0 MiB, 0 %
0 MiB, 0 %
0 MiB, 0 %
0 MiB, 0 %
0 MiB, 0 %
0 MiB, 0 %
0 MiB, 0 %
0 MiB, 0 %
0 MiB, 0 %
0 MiB, 0 %
0 MiB, 0 %
0 MiB, 0 %
0 MiB, 0 %
0 MiB, 0 %
0 MiB, 0 %
0 MiB, 0 %
0 MiB, 0 %
0 MiB, 0 %
0 MiB, 0 %
0 MiB, 0 %
0 MiB, 0 %
0 MiB, 0 %
0 MiB, 0 %
0 MiB, 0 %
0 MiB, 0 %
0 MiB, 0 %
0 MiB, 0 %
0 MiB, 0 %
0 MiB, 0 %
0 MiB, 0 %
0 MiB, 0 %
0 MiB, 0 %
0 MiB, 0 %
0 MiB, 0 %
0 MiB, 0 %
0 MiB, 0 %
0 MiB, 0 %
0 MiB, 0 %
0 MiB, 0 %
0 MiB, 0 %
0 MiB, 0 %
0 MiB, 0 %
0 MiB, 0 %
0 MiB, 0 %
0 MiB, 0 %
0 MiB, 0 %
0 MiB, 0 %
0 MiB, 0 %
0 MiB, 0 %
0 MiB, 0 %
0 MiB, 0 %
0 MiB, 0 %
0 MiB, 0 %
0 MiB, 0 %
0 MiB, 0 %
0 MiB, 0 %
0 MiB, 0 %
0 MiB, 0 %
0 MiB, 0 %
0 MiB, 0 %
0 MiB, 0 %
0 MiB, 0 %
0 MiB, 0 %
0 MiB, 0 %
0 MiB, 0 %
0 MiB, 0 %
0 MiB, 0 %
0 MiB, 0 %
0 MiB, 0 %
0 MiB, 0 %
0 MiB, 0 %
0 MiB, 0 %
0 MiB, 0 %
0 MiB, 0 %
0 MiB, 0 %
0 MiB, 0 %
0 MiB, 0 %
0 MiB, 0 %
0 MiB, 0 %
0 MiB, 0 %
0 MiB, 0 %
0 MiB, 0 %
0 MiB, 0 %
0 MiB, 0 %
0 MiB, 0 %
0 MiB, 0 %
0 MiB, 0 %
0 MiB, 0 %
0 MiB, 0 %
0 MiB, 0 %
0 MiB, 0 %
0 MiB, 0 %
0 MiB, 0 %
0 MiB, 0 %
0 MiB, 0 %
0 MiB, 0 %
0 MiB, 0 %
0 MiB, 0 %
0 MiB, 0 %
0 MiB, 0 %
0 MiB, 0 %
0 MiB, 0 %
0 MiB, 0 %
0 MiB, 0 %
0 MiB, 0 %
0 MiB, 0 %
0 MiB, 0 %
0 MiB, 0 %
0 MiB, 0 %
0 MiB, 0 %
0 MiB, 0 %
0 MiB, 0 %
0 MiB, 0 %
0 MiB, 0 %
0 MiB, 0 %
0 MiB, 0 %
0 MiB, 0 %
0 MiB, 0 %
0 MiB, 0 %
0 MiB, 0 %
0 MiB, 0 %
0 MiB, 0 %
0 MiB, 0 %
0 MiB, 0 %
0 MiB, 0 %
0 MiB, 0 %
0 MiB, 0 %
0 MiB, 0 %
0 MiB, 0 %
0 MiB, 0 %
0 MiB, 0 %
0 MiB, 0 %
0 MiB, 0 %
0 MiB, 0 %
0 MiB, 0 %
0 MiB, 0 %
0 MiB, 0 %
0 MiB, 0 %
0 MiB, 0 %
0 MiB, 0 %
0 MiB, 0 %
0 MiB, 0 %
0 MiB, 0 %
0 MiB, 0 %
0 MiB, 0 %
0 MiB, 0 %
0 MiB, 0 %
0 MiB, 0 %
0 MiB, 0 %
0 MiB, 0 %
0 MiB, 0 %
0 MiB, 0 %
0 MiB, 0 %
0 MiB, 0 %
0 MiB, 0 %
0 MiB, 0 %
0 MiB, 0 %
0 MiB, 0 %
0 MiB, 0 %
0 MiB, 0 %
0 MiB, 0 %
0 MiB, 0 %
0 MiB, 0 %
0 MiB, 0 %
0 MiB, 0 %
0 MiB, 0 %
0 MiB, 0 %
0 MiB, 0 %
0 MiB, 0 %
0 MiB, 0 %
0 MiB, 0 %
0 MiB, 0 %
0 MiB, 0 %
0 MiB, 0 %
0 MiB, 0 %
0 MiB, 0 %
0 MiB, 0 %
0 MiB, 0 %
0 MiB, 0 %
0 MiB, 0 %
0 MiB, 0 %
0 MiB, 0 %
0 MiB, 0 %
0 MiB, 0 %
0 MiB, 0 %
0 MiB, 0 %
0 MiB, 0 %
0 MiB, 0 %
0 MiB, 0 %
0 MiB, 0 %
0 MiB, 0 %
0 MiB, 0 %
0 MiB, 0 %
0 MiB, 0 %
0 MiB, 0 %
0 MiB, 0 %
0 MiB, 0 %
0 MiB, 0 %
0 MiB, 0 %
0 MiB, 0 %
0 MiB, 0 %
0 MiB, 0 %
0 MiB, 0 %
0 MiB, 0 %
0 MiB, 0 %
0 MiB, 0 %
0 MiB, 0 %
0 MiB, 0 %
0 MiB, 0 %
0 MiB, 0 %
0 MiB, 0 %
0 MiB, 0 %
0 MiB, 0 %
0 MiB, 0 %
0 MiB, 0 %
0 MiB, 0 %
0 MiB, 0 %
0 MiB, 0 %
0 MiB, 0 %
0 MiB, 0 %
0 MiB, 0 %
0 MiB, 0 %
0 MiB, 0 %
0 MiB, 0 %
0 MiB, 0 %
0 MiB, 0 %
0 MiB, 0 %
0 MiB, 0 %
0 MiB, 0 %
0 MiB, 0 %
0 MiB, 0 %
0 MiB, 0 %
0 MiB, 0 %
0 MiB, 0 %
0 MiB, 0 %
0 MiB, 0 %
0 MiB, 0 %
0 MiB, 0 %
0 MiB, 0 %
0 MiB, 0 %
0 MiB, 0 %
0 MiB, 0 %
0 MiB, 0 %
0 MiB, 0 %
0 MiB, 0 %
0 MiB, 0 %
0 MiB, 0 %
0 MiB, 0 %
0 MiB, 0 %
0 MiB, 0 %
0 MiB, 0 %
0 MiB, 0 %
0 MiB, 0 %
0 MiB, 0 %
0 MiB, 0 %
0 MiB, 0 %
0 MiB, 0 %
0 MiB, 0 %
0 MiB, 0 %
0 MiB, 0 %
0 MiB, 0 %
0 MiB, 0 %
0 MiB, 0 %
0 MiB, 0 %
0 MiB, 0 %
0 MiB, 0 %
0 MiB, 0 %
0 MiB, 0 %
0 MiB, 0 %
0 MiB, 0 %
0 MiB, 0 %
0 MiB, 0 %
0 MiB, 0 %
0 MiB, 0 %
0 MiB, 0 %
0 MiB, 0 %
0 MiB, 0 %
0 MiB, 0 %
0 MiB, 0 %
0 MiB, 0 %
0 MiB, 0 %
0 MiB, 0 %
0 MiB, 0 %
0 MiB, 0 %
0 MiB, 0 %
0 MiB, 0 %
0 MiB, 0 %
0 MiB, 0 %
0 MiB, 0 %
0 MiB, 0 %
0 MiB, 0 %
0 MiB, 0 %
0 MiB, 0 %
0 MiB, 0 %
0 MiB, 0 %
0 MiB, 0 %
0 MiB, 0 %
0 MiB, 0 %
0 MiB, 0 %
0 MiB, 0 %
0 MiB, 0 %
0 MiB, 0 %
0 MiB, 0 %
0 MiB, 0 %
0 MiB, 0 %
0 MiB, 0 %
0 MiB, 0 %
0 MiB, 0 %
0 MiB, 0 %
0 MiB, 0 %
0 MiB, 0 %
0 MiB, 0 %
0 MiB, 0 %
0 MiB, 0 %
0 MiB, 0 %
0 MiB, 0 %
0 MiB, 0 %
0 MiB, 0 %
0 MiB, 0 %
0 MiB, 0 %
0 MiB, 0 %
0 MiB, 0 %
0 MiB, 0 %
0 MiB, 0 %
0 MiB, 0 %
0 MiB, 0 %
0 MiB, 0 %
0 MiB, 0 %
0 MiB, 0 %
0 MiB, 0 %
0 MiB, 0 %
0 MiB, 0 %
0 MiB, 0 %
0 MiB, 0 %
0 MiB, 0 %
0 MiB, 0 %
0 MiB, 0 %
0 MiB, 0 %
0 MiB, 0 %
0 MiB, 0 %
0 MiB, 0 %
0 MiB, 0 %
0 MiB, 0 %
0 MiB, 0 %
0 MiB, 0 %
0 MiB, 0 %
0 MiB, 0 %
0 MiB, 0 %
0 MiB, 0 %
0 MiB, 0 %
0 MiB, 0 %
0 MiB, 0 %
0 MiB, 0 %
0 MiB, 0 %
0 MiB, 0 %
0 MiB, 0 %
0 MiB, 0 %
0 MiB, 0 %
0 MiB, 0 %
0 MiB, 0 %
0 MiB, 0 %
0 MiB, 0 %
0 MiB, 0 %
0 MiB, 0 %
0 MiB, 0 %
0 MiB, 0 %
0 MiB, 0 %
0 MiB, 0 %
0 MiB, 0 %
0 MiB, 0 %
0 MiB, 0 %
0 MiB, 0 %
0 MiB, 0 %
0 MiB, 0 %
0 MiB, 0 %
0 MiB, 0 %
0 MiB, 0 %
0 MiB, 0 %
0 MiB, 0 %
0 MiB, 0 %
0 MiB, 0 %
0 MiB, 0 %
0 MiB, 0 %
0 MiB, 0 %
0 MiB, 0 %
0 MiB, 0 %
0 MiB, 0 %
0 MiB, 0 %
0 MiB, 0 %
0 MiB, 0 %
0 MiB, 0 %
0 MiB, 0 %
0 MiB, 0 %
0 MiB, 0 %
0 MiB, 0 %
0 MiB, 0 %
0 MiB, 0 %
0 MiB, 0 %
0 MiB, 0 %
0 MiB, 0 %
0 MiB, 0 %
0 MiB, 0 %
0 MiB, 0 %
0 MiB, 0 %
0 MiB, 0 %
0 MiB, 0 %
0 MiB, 0 %
0 MiB, 0 %
0 MiB, 0 %
0 MiB, 0 %
0 MiB, 0 %
0 MiB, 0 %
0 MiB, 0 %
0 MiB, 0 %
0 MiB, 0 %
0 MiB, 0 %
0 MiB, 0 %
0 MiB, 0 %
0 MiB, 0 %
0 MiB, 0 %
0 MiB, 0 %
0 MiB, 0 %
0 MiB, 0 %
0 MiB, 0 %
0 MiB, 0 %
0 MiB, 0 %
0 MiB, 0 %
0 MiB, 0 %
0 MiB, 0 %
0 MiB, 0 %
0 MiB, 0 %
0 MiB, 0 %
0 MiB, 0 %
0 MiB, 0 %
0 MiB, 0 %
0 MiB, 0 %
0 MiB, 0 %
0 MiB, 0 %
0 MiB, 0 %
0 MiB, 0 %
0 MiB, 0 %
0 MiB, 0 %
0 MiB, 0 %
0 MiB, 0 %
0 MiB, 0 %
0 MiB, 0 %
0 MiB, 0 %
0 MiB, 0 %
0 MiB, 0 %
0 MiB, 0 %
0 MiB, 0 %
0 MiB, 0 %
0 MiB, 0 %
0 MiB, 0 %
0 MiB, 0 %
0 MiB, 0 %
0 MiB, 0 %
0 MiB, 0 %
0 MiB, 0 %
0 MiB, 0 %
0 MiB, 0 %
0 MiB, 0 %
0 MiB, 0 %
0 MiB, 0 %
0 MiB, 0 %
0 MiB, 0 %
0 MiB, 0 %
0 MiB, 0 %
0 MiB, 0 %
0 MiB, 0 %
0 MiB, 0 %
0 MiB, 0 %
0 MiB, 0 %
0 MiB, 0 %
0 MiB, 0 %
0 MiB, 0 %
0 MiB, 0 %
0 MiB, 0 %
