0 MiB, 0 %
0 MiB, 0 %
0 MiB, 0 %
0 MiB, 0 %
0 MiB, 0 %
0 MiB, 0 %
0 MiB, 0 %
0 MiB, 0 %
0 MiB, 0 %
0 MiB, 0 %
0 MiB, 0 %
0 MiB, 0 %
0 MiB, 0 %
5847 MiB, 100 %
5843 MiB, 99 %
5839 MiB, 99 %
5835 MiB, 99 %
5831 MiB, 99 %
5827 MiB, 99 %
5823 MiB, 98 %
5819 MiB, 98 %
5815 MiB, 98 %
5811 MiB, 93 %
5807 MiB, 76 %
5803 MiB, 65 %
5799 MiB, 63 %
5795 MiB, 69 %
5791 MiB, 66 %
5787 MiB, 69 %
5783 MiB, 67 %
5779 MiB, 62 %
5775 MiB, 57 %
5771 MiB, 56 %
5767 MiB, 51 %
5763 MiB, 50 %
5759 MiB, 49 %
5755 MiB, 49 %
5751 MiB, 53 %
5747 MiB, 52 %
5743 MiB, 54 %
5739 MiB, 54 %
5735 MiB, 52 %
5731 MiB, 50 %
5727 MiB, 99 %
5723 MiB, 99 %
5847 MiB, 99 %
5843 MiB, 99 %
5839 MiB, 99 %
5835 MiB, 99 %
5831 MiB, 99 %
5827 MiB, 99 %
5823 MiB, 99 %
5819 MiB, 100 %
5815 MiB, 100 %
5811 MiB, 100 %
5807 MiB, 100 %
5803 MiB, 100 %
23973 MiB, 100 %
23969 MiB, 100 %
23601 MiB, 100 %
23597 MiB, 100 %
23593 MiB, 100 %
23589 MiB, 100 %
23585 MiB, 100 %
23069 MiB, 100 %
22553 MiB, 100 %
22549 MiB, 100 %
22545 MiB, 100 %
22541 MiB, 100 %
23561 MiB, 100 %
23557 MiB, 100 %
23553 MiB, 100 %
23549 MiB, 100 %
23545 MiB, 100 %
23701 MiB, 100 %
23901 MiB, 100 %
23897 MiB, 100 %
5847 MiB, 100 %
5843 MiB, 100 %
5839 MiB, 99 %
5835 MiB, 98 %
5831 MiB, 82 %
5827 MiB, 66 %
5823 MiB, 53 %
5819 MiB, 53 %
5815 MiB, 54 %
5811 MiB, 53 %
5807 MiB, 49 %
5803 MiB, 50 %
5799 MiB, 48 %
5795 MiB, 35 %
5791 MiB, 19 %
5787 MiB, 0 %
5783 MiB, 0 %
5779 MiB, 0 %
5775 MiB, 0 %
5771 MiB, 0 %
5767 MiB, 0 %
5763 MiB, 0 %
5759 MiB, 0 %
5755 MiB, 0 %
5751 MiB, 0 %
5747 MiB, 0 %
5743 MiB, 0 %
5739 MiB, 0 %
5735 MiB, 0 %
5731 MiB, 0 %
5727 MiB, 0 %
5723 MiB, 0 %
5847 MiB, 0 %
5843 MiB, 0 %
5839 MiB, 0 %
5835 MiB, 0 %
5831 MiB, 0 %
5827 MiB, 0 %
5823 MiB, 0 %
5819 MiB, 0 %
5815 MiB, 0 %
5811 MiB, 0 %
5807 MiB, 0 %
5803 MiB, 0 %
5799 MiB, 0 %
5795 MiB, 0 %
5791 MiB, 0 %
5787 MiB, 0 %
5783 MiB, 0 %
5779 MiB, 0 %
5775 MiB, 0 %
5771 MiB, 0 %
5767 MiB, 0 %
5763 MiB, 0 %
5759 MiB, 0 %
5755 MiB, 0 %
5751 MiB, 0 %
5747 MiB, 0 %
5743 MiB, 0 %
5739 MiB, 0 %
5735 MiB, 0 %
5731 MiB, 0 %
5727 MiB, 0 %
5723 MiB, 0 %
5847 MiB, 0 %
5843 MiB, 0 %
5839 MiB, 0 %
5835 MiB, 0 %
5831 MiB, 0 %
5827 MiB, 0 %
5823 MiB, 0 %
5819 MiB, 0 %
5815 MiB, 0 %
5811 MiB, 0 %
5807 MiB, 0 %
5803 MiB, 0 %
5799 MiB, 0 %
5795 MiB, 0 %
5791 MiB, 0 %
5787 MiB, 0 %
5783 MiB, 0 %
5779 MiB, 0 %
5775 MiB, 0 %
5771 MiB, 0 %
5767 MiB, 0 %
7517 MiB, 0 %
7529 MiB, 0 %
7683 MiB, 0 %
7679 MiB, 0 %
7675 MiB, 0 %
5745 MiB, 0 %
5739 MiB, 0 %
5735 MiB, 0 %
5731 MiB, 0 %
5727 MiB, 0 %
5723 MiB, 0 %
5847 MiB, 0 %
5843 MiB, 0 %
5839 MiB, 0 %
5835 MiB, 0 %
5831 MiB, 0 %
5827 MiB, 0 %
5823 MiB, 0 %
5819 MiB, 0 %
5815 MiB, 0 %
5811 MiB, 0 %
5807 MiB, 0 %
5803 MiB, 0 %
5799 MiB, 0 %
5795 MiB, 0 %
5793 MiB, 0 %
7587 MiB, 0 %
7583 MiB, 0 %
7549 MiB, 0 %
7703 MiB, 0 %
7699 MiB, 0 %
7695 MiB, 0 %
7691 MiB, 0 %
7687 MiB, 0 %
7683 MiB, 0 %
7679 MiB, 0 %
7675 MiB, 0 %
7671 MiB, 0 %
7669 MiB, 0 %
5735 MiB, 0 %
5731 MiB, 0 %
5727 MiB, 0 %
5723 MiB, 0 %
5847 MiB, 8 %
5843 MiB, 46 %
5839 MiB, 52 %
5835 MiB, 54 %
5831 MiB, 52 %
5827 MiB, 63 %
5823 MiB, 88 %
5819 MiB, 99 %
5815 MiB, 100 %
5811 MiB, 100 %
23981 MiB, 100 %
23965 MiB, 100 %
23609 MiB, 100 %
23605 MiB, 100 %
22577 MiB, 100 %
22573 MiB, 100 %
22569 MiB, 100 %
22565 MiB, 100 %
22561 MiB, 100 %
22557 MiB, 100 %
22553 MiB, 100 %
22549 MiB, 100 %
22545 MiB, 100 %
22541 MiB, 100 %
22537 MiB, 100 %
22533 MiB, 100 %
22529 MiB, 99 %
22525 MiB, 99 %
22521 MiB, 99 %
17989 MiB, 100 %
17985 MiB, 100 %
17981 MiB, 93 %
18107 MiB, 66 %
18101 MiB, 66 %
18097 MiB, 83 %
18093 MiB, 100 %
17931 MiB, 94 %
17855 MiB, 95 %
17851 MiB, 96 %
17335 MiB, 100 %
10579 MiB, 100 %
7743 MiB, 95 %
7739 MiB, 71 %
7735 MiB, 29 %
7731 MiB, 3 %
5801 MiB, 0 %
5795 MiB, 0 %
9985 MiB, 91 %
5787 MiB, 0 %
5787 MiB, 0 %
5763 MiB, 80 %
5731 MiB, 95 %
5827 MiB, 88 %
5795 MiB, 84 %
5763 MiB, 82 %
5731 MiB, 70 %
5827 MiB, 60 %
5797 MiB, 59 %
5765 MiB, 54 %
5757 MiB, 39 %
6053 MiB, 30 %
5795 MiB, 93 %
5763 MiB, 84 %
5731 MiB, 79 %
5827 MiB, 76 %
5797 MiB, 60 %
5765 MiB, 61 %
6085 MiB, 45 %
6053 MiB, 27 %
5983 MiB, 11 %
6747 MiB, 9 %
7045 MiB, 5 %
7165 MiB, 3 %
7157 MiB, 25 %
7125 MiB, 38 %
5855 MiB, 64 %
5823 MiB, 76 %
7109 MiB, 0 %
6949 MiB, 3 %
7173 MiB, 0 %
7165 MiB, 3 %
7109 MiB, 0 %
7125 MiB, 8 %
7221 MiB, 16 %
7189 MiB, 36 %
7157 MiB, 34 %
5989 MiB, 49 %
5855 MiB, 48 %
5823 MiB, 63 %
5791 MiB, 68 %
5759 MiB, 87 %
5855 MiB, 77 %
5823 MiB, 83 %
7109 MiB, 0 %
6043 MiB, 12 %
6907 MiB, 8 %
7013 MiB, 6 %
7109 MiB, 0 %
7125 MiB, 10 %
7221 MiB, 17 %
7189 MiB, 26 %
7157 MiB, 34 %
7125 MiB, 33 %
7221 MiB, 34 %
7189 MiB, 0 %
6843 MiB, 9 %
6815 MiB, 8 %
7045 MiB, 7 %
7013 MiB, 7 %
5799 MiB, 0 %
5799 MiB, 0 %
17823 MiB, 89 %
5795 MiB, 0 %
23965 MiB, 100 %
22445 MiB, 100 %
17299 MiB, 89 %
5783 MiB, 0 %
22565 MiB, 100 %
18033 MiB, 100 %
8295 MiB, 46 %
5771 MiB, 0 %
22553 MiB, 100 %
18021 MiB, 83 %
8283 MiB, 41 %
5759 MiB, 0 %
22541 MiB, 100 %
18009 MiB, 0 %
7743 MiB, 0 %
5747 MiB, 0 %
22529 MiB, 100 %
17997 MiB, 0 %
5739 MiB, 0 %
5735 MiB, 38 %
23541 MiB, 100 %
6061 MiB, 33 %
7117 MiB, 6 %
5767 MiB, 45 %
5939 MiB, 79 %
