procs -----------memory---------- ---swap-- -----io---- -system-- -------cpu-------
 r  b   swpd   free   buff  cache   si   so    bi    bo   in   cs us sy id wa st gu
 2  0      0 219384036  30200 25695504    0    0   195  6006 2904    0 16  1 83  0  0  0
 1  0      0 219271484  30208 25695552    0    0     0    19 1228  178  9  0 91  0  0  0
 1  0      0 219304444  30208 25695552    0    0     0     2 1325  229  9  0 91  0  0  0
 2  0      0 219273844  30216 25695552    0    0     0     6 1123  132  8  0 92  0  0  0
 1  0      0 219235908  30232 25712260    0    0     2  2634 1271  202  9  0 91  0  0  0
 1  0      0 218483008  30240 25743664    0    0     0    23 1515  380  8  1 91  0  0  0
 1  0      0 218663252  30248 25743744    0    0     0    35 1163  232  7  1 92  0  0  0
 2  0      0 218499416  30256 25743744    0    0     0  3109 1180  247  7  1 92  0  0  0
 1  0      0 218660232  30264 25743744    0    0     0    22 1173  241  7  1 92  0  0  0
 1  0      0 218493744  30272 25743728    0    0     0    24 1203  256  7  1 92  0  0  0
 1  0      0 218647764  30280 25743736    0    0     0     9 1166  246  7  1 92  0  0  0
 1  0      0 218491896  30280 25743792    0    0     0     0 1415  390  7  1 92  0  0  0
 1  0      0 218648892  30288 25743792    0    0     0     7 1169  252  7  1 92  0  0  0
 1  0      0 218500456  30296 25743828    0    0     0     6 1163  234  7  1 92  0  0  0
 1  0      0 218656968  30304 25743796    0    0     0     6 1163  243  7  1 92  0  0  0
 1  0      0 218503432  30312 25743796    0    0     0     8 1160  230  7  1 92  0  0  0
 1  0      0 218693744  30320 25743788    0    0     0     7 1181  248  7  1 92  0  0  0
 1  0      0 218481020  30320 25743816    0    0     0     1 1469  415  8  1 91  0  0  0
 1  0      0 218630704  30328 25743800    0    0     0    21 1164  244  7  1 92  0  0  0
 1  0      0 218482596  30336 25743784    0    0     0     7 1154  226  7  1 92  0  0  0
 1  0      0 218706024  30344 25743816    0    0     0     7 1166  244  7  1 92  0  0  0
procs -----------memory---------- ---swap-- -----io---- -system-- -------cpu-------
 r  b   swpd   free   buff  cache   si   so    bi    bo   in   cs us sy id wa st gu
 1  0      0 218493000  30352 25743800    0    0     0     6 1168  240  7  1 92  0  0  0
 1  0      0 218498412  30360 25743784    0    0     0     6 1412  408  7  1 92  0  0  0
 1  0      0 218480252  30368 25743872    0    0     0     9 1165  240  7  1 92  0  0  0
 1  0      0 218491648  30368 25743848    0    0     0     4 1159  229  7  1 92  0  0  0
 1  0      0 218488536  30376 25743880    0    0     0     4 1221  284  7  1 92  0  0  0
 1  0      0 218493052  30384 25743880    0    0     0     5 1155  227  7  1 92  0  0  0
 1  0      0 218502840  30392 25743880    0    0     0     6 1174  252  7  1 92  0  0  0
 1  0      0 218493572  30400 25743800    0    0     0     6 1410  394  7  1 92  0  0  0
 1  0      0 218498320  30408 25743784    0    0     0     8 1180  262  7  1 92  0  0  0
 1  0      0 218502428  30416 25743776    0    0     0     6 1158  228  7  1 92  0  0  0
 1  0      0 218524416  30416 25743784    0    0     0     1 1168  245  7  1 92  0  0  0
 1  0      0 218684508  30424 25743800    0    0     0     4 1166  248  7  1 92  0  0  0
 1  0      0 218490744  30432 25743784    0    0     0     4 1167  236  7  1 92  0  0  0
 1  0      0 218624460  30440 25743808    0    0     0    10 1529  442  8  1 91  0  0  0
 1  0      0 218458580  30448 25743808    0    0     0    15 1176  242  7  1 92  0  0  0
 1  0      0 218640664  30456 25743792    0    0     0     9 1211  278  7  1 92  0  0  0
 1  0      0 218488356  30464 25743776    0    0     0     6 1176  241  7  1 92  0  0  0
 1  0      0 218625560  30472 25743800    0    0     0     5 1163  245  7  1 92  0  0  0
 1  0      0 218463812  30472 25743808    0    0     0     1 1157  229  7  1 92  0  0  0
 1  0      0 218556916  30480 25743792    0    0     0     5 1431  417  7  1 92  0  0  0
 1  0      0 218470396  30488 25743792    0    0     0    14 1170  241  7  1 92  0  0  0
procs -----------memory---------- ---swap-- -----io---- -system-- -------cpu-------
 r  b   swpd   free   buff  cache   si   so    bi    bo   in   cs us sy id wa st gu
 1  0      0 218548012  30496 25743792    0    0     0     5 1166  245  7  1 92  0  0  0
 1  0      0 218472876  30504 25743812    0    0     0     5 1168  238  7  1 92  0  0  0
 1  0      0 218563064  30512 25743924    0    0     0     4 1168  249  7  1 92  0  0  0
 1  0      0 218466352  30520 25743796    0    0     0     6 1394  410  7  1 92  0  0  0
 1  0      0 218607316  30520 25743796    0    0     0     4 1170  251  7  1 92  0  0  0
 1  0      0 218463348  30528 25743828    0    0     0     4 1163  233  7  1 92  0  0  0
 1  0      0 218605536  30536 25743796    0    0     0     5 1186  255  7  1 92  0  0  0
 1  0      0 218457024  30544 25743812    0    0     0     6 1212  276  7  1 92  0  0  0
 1  0      0 218548024  30552 25743924    0    0     0     8 1168  247  7  1 92  0  0  0
 1  0      0 218455052  30560 25743812    0    0     0     8 1520  454  8  1 91  0  0  0
 1  0      0 218557532  30568 25743924    0    0     0    12 1170  253  7  1 92  0  0  0
 2  0      0 218462552  30576 25743796    0    0     0    10 1170  239  7  1 92  0  0  0
 1  0      0 218550040  30576 25743892    0    0     0     1 1164  241  7  1 92  0  0  0
 1  0      0 218458636  30584 25743796    0    0     0     4 1163  233  7  1 92  0  0  0
 1  0      0 218552388  30592 25743892    0    0     0     5 1170  253  7  1 92  0  0  0
 1  0      0 218458932  30600 25743832    0    0     0     5 1407  409  7  1 92  0  0  0
 1  0      0 218549192  30608 25743820    0    0     0    10 1165  247  7  1 92  0  0  0
 1  0      0 218456120  30616 25743788    0    0     0     9 1166  240  7  1 92  0  0  0
 1  0      0 218529112  30624 25743788    0    0     0     7 1164  250  7  1 92  0  0  0
 1  0      0 218465484  30632 25743804    0    0     0     4 1170  241  7  1 92  0  0  0
 1  0      0 218520252  30632 25743820    0    0     0     1 1174  249  7  1 92  0  0  0
procs -----------memory---------- ---swap-- -----io---- -system-- -------cpu-------
 r  b   swpd   free   buff  cache   si   so    bi    bo   in   cs us sy id wa st gu
 1  0      0 218462888  30640 25743836    0    0     0     5 1392  405  7  1 92  0  0  0
 1  0      0 218478620  30648 25743804    0    0     0     7 1167  254  7  1 92  0  0  0
 1  0      0 218446860  30656 25743804    0    0     0     6 1173  244  7  1 92  0  0  0
 1  0      0 218436852  30664 25743804    0    0     0     5 1165  246  7  1 92  0  0  0
 1  0      0 218447036  30672 25743788    0    0     0     5 1163  237  7  1 92  0  0  0
 1  0      0 218431656  30680 25743804    0    0     0     5 1531  441  7  2 91  0  0  0
 1  0      0 218442852  30688 25743824    0    0     0    24 1192  264  7  1 92  0  0  0
 1  0      0 218473440  30696 25743808    0    0     0     7 1167  246  7  1 92  0  0  0
 1  0      0 218438032  30696 25743808    0    0     0     5 1165  234  7  1 92  0  0  0
 1  0      0 218476752  30704 25743824    0    0     0     4 1167  253  7  1 92  0  0  0
 1  0      0 218438068  30712 25743808    0    0     0     4 1178  264  7  1 92  0  0  0
 1  0      0 218468096  30720 25743812    0    0     0     4 1418  416  7  1 92  0  0  0
 1  0      0 218437308  30728 25743812    0    0     0     9 1174  247  7  1 92  0  0  0
 1  0      0 218419352  30736 25743796    0    0     0     9 1168  251  7  1 92  0  0  0
 1  0      0 218436060  30744 25743804    0    0     0     8 1181  245  7  1 92  0  0  0
 1  0      0 218416028  30744 25743812    0    0     0     2 1195  259  7  1 92  0  0  0
 1  0      0 218428484  30752 25743828    0    0     0     6 1161  238  7  1 92  0  0  0
 1  0      0 218410972  30760 25743812    0    0     0     6 1438  433  7  1 92  0  0  0
 1  0      0 218307140  30768 25743860    0    0     0     8 1170  244  7  1 92  0  0  0
 1  0      0 218493976  30776 25743828    0    0     0     5 1158  240  7  1 92  0  0  0
 1  0      0 218301728  30784 25743848    0    0     0     5 1162  238  7  1 92  0  0  0
procs -----------memory---------- ---swap-- -----io---- -system-- -------cpu-------
 r  b   swpd   free   buff  cache   si   so    bi    bo   in   cs us sy id wa st gu
 1  0      0 218503044  30792 25743872    0    0     0     6 1175  253  7  1 92  0  0  0
 1  0      0 218355744  30792 25743852    0    0     0     2 1169  239  7  1 92  0  0  0
 1  0      0 218372980  30800 25743852    0    0     0     7 1545  437  8  1 91  0  0  0
 1  0      0 218399752  30808 25743852    0    0     0    19 1171  252  7  1 92  0  0  0
 1  0      0 218401580  30816 25743852    0    0     0     4 1150  230  7  1 92  0  0  0
 1  0      0 218375048  30824 25743836    0    0     0     3 1163  249  7  1 92  0  0  0
 1  0      0 218384660  30832 25743868    0    0     0     5 1157  229  7  1 92  0  0  0
 1  0      0 218401896  30840 25743848    0    0     0     6 1418  407  7  1 92  0  0  0
 1  0      0 218377872  30848 25743844    0    0     0    10 1164  247  7  1 92  0  0  0
 1  0      0 218526732  30848 25743836    0    0     0     5 1163  248  7  1 92  0  0  0
 1  0      0 218372904  30856 25743888    0    0     0     3 1185  249  7  1 92  0  0  0
 1  0      0 218537988  30864 25743840    0    0     0     7 1168  251  7  1 92  0  0  0
 1  0      0 218373060  30872 25743872    0    0     0     8 1169  246  7  1 92  0  0  0
 1  0      0 218369028  30880 25743840    0    0     0    10 1427  406  7  1 92  0  0  0
 1  0      0 218356336  30888 25743856    0    0     0     9 1173  260  7  1 92  0  0  0
 1  0      0 218366008  30896 25743880    0    0     0     6 1159  233  7  1 92  0  0  0
 1  0      0 218376804  30896 25743888    0    0     0     0 1180  258  7  1 92  0  0  0
 1  0      0 218589308  30904 25743872    0    0     0     4 1183  255  8  1 92  0  0  0
 1  0      0 218959220  30912 25743840    0    0     0     6 1185  278  8  0 92  0  0  0
 1  0      0 218947600  30920 25743856    0    0     0     6 1656  679  8  1 91  0  0  0
 1  0      0 218956148  30928 25743876    0    0     0    11 1300  497  8  0 92  0  0  0
procs -----------memory---------- ---swap-- -----io---- -system-- -------cpu-------
 r  b   swpd   free   buff  cache   si   so    bi    bo   in   cs us sy id wa st gu
 1  0      0 218955864  30936 25743868    0    0     0    10 1302  494  8  1 92  0  0  0
 1  0      0 218952024  30936 25743860    0    0     0     1 1292  482  8  0 92  0  0  0
 1  0      0 218955996  30944 25743844    0    0     0     3 1296  486  8  1 92  0  0  0
 1  0      0 218956188  30952 25743860    0    0     0     3 1296  498  8  0 92  0  0  0
 1  0      0 218955516  30960 25743860    0    0     0     6 1531  655  8  1 92  0  0  0
 1  0      0 218925484  30968 25743860    0    0     0     7 1279  486  8  1 92  0  0  0
 1  0      0 218922304  30976 25743976    0    0     0     4 1281  493  8  0 92  0  0  0
 1  0      0 218935524  30984 25743864    0    0     0     4 1282  493  8  0 92  0  0  0
 1  0      0 218922468  30984 25743896    0    0     0     2 1279  485  8  1 92  0  0  0
 1  0      0 218922076  30992 25743868    0    0     0     5 1528  642  8  1 92  0  0  0
 1  0      0 218922284  31000 25744000    0    0     0     9 1286  500  8  0 92  0  0  0
 1  0      0 218931388  31008 25743872    0    0     0     8 1279  487  8  0 92  0  0  0
 1  0      0 218935380  31016 25743888    0    0     0     9 1293  494  8  0 92  0  0  0
 1  0      0 218934944  31024 25743896    0    0     0     6 1275  486  8  0 92  0  0  0
 1  0      0 218935260  31024 25743856    0    0     0     1 1275  481  8  0 92  0  0  0
 1  0      0 218917708  31032 25743872    0    0     0     6 1646  677  8  1 91  0  0  0
 1  0      0 218921416  31040 25743872    0    0     0    10 1293  509  8  1 92  0  0  0
 1  0      0 218935496  31048 25743888    0    0     0     9 1278  489  8  1 92  0  0  0
 1  0      0 218933928  31056 25743872    0    0     0     4 1312  523  8  1 92  0  0  0
 1  0      0 218930232  31064 25743904    0    0     0     4 1292  518  8  0 92  0  0  0
 1  0      0 218921300  31064 25743856    0    0     0     1 1321  527  8  1 92  0  0  0
procs -----------memory---------- ---swap-- -----io---- -system-- -------cpu-------
 r  b   swpd   free   buff  cache   si   so    bi    bo   in   cs us sy id wa st gu
 1  0      0 219025492  31072 25715020    0    0     0     7 1472  522  8  0 91  0  0  0
 1  0      0 218194996  31084 25715752    0    0     0    43 1169  230  7  1 92  0  0  0
 1  0      0 218175432  31092 25715736    0    0     0    39 1154  226  7  1 92  0  0  0
 1  0      0 218423668  31100 25715752    0    0     0     4 1148  229  7  1 92  0  0  0
 1  0      0 218484088  31108 25715736    0    0     0     3 1147  228  7  1 92  0  0  0
 1  0      0 218458400  31108 25715768    0    0     0     1 1151  226  7  1 92  0  0  0
 1  0      0 218202764  31116 25715792    0    0     0     4 1435  412  7  1 92  0  0  0
 1  0      0 218195636  31124 25715744    0    0     0   263 1159  237  7  1 92  0  0  0
 1  0      0 218200636  31132 25715728    0    0     0    15 1154  227  7  1 92  0  0  0
 2  0      0 218290952  31140 25715744    0    0     0    14 1154  228  7  1 92  0  0  0
 1  0      0 218920980  31148 25715792    0    0     0     3 1243  431  8  0 92  0  0  0
