procs -----------memory---------- ---swap-- -----io---- -system-- -------cpu-------
 r  b   swpd   free   buff  cache   si   so    bi    bo   in   cs us sy id wa st gu
 2  0      0 219332336  37036 25695984    0    0   167  5195 2653    0 15  1 84  0  0  0
 1  0      0 219243024  37036 25696744    0    0     0     2 2083  662  9  1 90  0  0  0
 1  0      0 219208204  37048 25705280    0    0     0   268 1228  175  9  0 91  0  0  0
 2  0      0 219206480  37048 25713644    0    0     0     2 1198  139  9  0 91  0  0  0
 1  0      0 219210576  37056 25722252    0    0     0    52 1278  204  9  0 91  0  0  0
 1  0      0 219210352  37056 25730880    0    0     0 15122 1246  193  9  0 91  0  0  0
 1  0      0 219203272  37056 25739492    0    0     0     2 1212  158  9  0 91  0  0  0
 1  0      0 219201504  37068 25748132    0    0     2 100622 1302  198  9  0 89  2  0  0
 1  0      0 218310540  37068 25754444    0    0     0     0 1191  153  8  1 91  0  0  0
 1  0      0 217798252  37068 25773140    0    0     0     2 1208  274  7  2 92  0  0  0
 1  0      0 218304820  37080 25773204    0    0     0    42 1149  221  7  1 92  0  0  0
 1  0      0 217844772  37080 25773188    0    0     0     0 1129  190  7  1 92  0  0  0
 1  0      0 218230868  37080 25773188    0    0     0    30 1175  248  7  1 92  0  0  0
 1  0      0 217843268  37088 25773188    0    0     0    12 1144  196  8  1 92  0  0  0
 1  0      0 217995836  37088 25773156    0    0     0     0 1161  253  7  2 92  0  0  0
 1  0      0 217841840  37088 25773156    0    0     0     2 1149  189  8  0 92  0  0  0
 1  0      0 217896572  37096 25773188    0    0     0    12 1198  300  6  2 92  0  0  0
 1  0      0 217847264  37096 25773188    0    0     0     0 1122  173  8  0 92  0  0  0
 1  0      0 217819492  37096 25773188    0    0     0     2 1167  249  6  2 92  0  0  0
 1  0      0 217845992  37104 25773188    0    0     0    10 1131  186  8  0 92  0  0  0
 1  0      0 217813708  37104 25773204    0    0     0  2610 1178  269  6  2 92  0  0  0
procs -----------memory---------- ---swap-- -----io---- -system-- -------cpu-------
 r  b   swpd   free   buff  cache   si   so    bi    bo   in   cs us sy id wa st gu
 1  0      0 217840432  37104 25773204    0    0     0     2 1124  173  8  0 92  0  0  0
 1  0      0 217798644  37112 25773188    0    0     0    36 1636  541  6  2 91  0  0  0
 1  0      0 217822084  37112 25773188    0    0     0 10730 1355  344  8  0 91  0  0  0
 1  0      0 217816240  37112 25773172    0    0     0     2 1186  282  6  2 92  0  0  0
 1  0      0 217819524  37120 25773164    0    0     0  2088 1135  176  8  0 92  0  0  0
 1  0      0 217831016  37120 25773156    0    0     0     0 1174  268  6  2 92  0  0  0
 1  0      0 217834012  37120 25773156    0    0     0     2 1111  156  8  0 92  0  0  0
 1  0      0 217821836  37128 25773180    0    0     0    44 1174  272  6  2 92  0  0  0
 1  0      0 217829184  37128 25773188    0    0     0     0 1137  201  8  0 92  0  0  0
 1  0      0 217820856  37128 25773236    0    0     0     2 1159  246  6  2 92  0  0  0
 1  0      0 218359776  37136 25773228    0    0     0    28 1150  238  8  0 92  0  0  0
 1  0      0 217818836  37136 25773172    0    0     0     0 1152  202  6  2 92  0  0  0
 1  0      0 218399536  37136 25773172    0    0     0     6 1247  291  8  1 92  0  0  0
 1  0      0 217827616  37144 25773188    0    0     0    14 1145  218  7  1 92  0  0  0
 1  0      0 218380252  37144 25773300    0    0     0     2 1148  234  7  1 92  0  0  0
 1  0      0 217831392  37144 25773204    0    0     0     8 1156  212  7  1 92  0  0  0
 1  0      0 218145076  37152 25773180    0    0     0    14 1148  219  7  1 92  0  0  0
 1  0      0 217829800  37152 25773188    0    0     0     0 1138  199  8  1 92  0  0  0
 1  0      0 217996400  37152 25773188    0    0     0     6 1146  228  7  2 92  0  0  0
 1  0      0 217814404  37160 25773180    0    0     0    10 1142  208  8  0 92  0  0  0
 1  0      0 217836012  37160 25773236    0    0     0     0 1151  234  6  2 92  0  0  0
procs -----------memory---------- ---swap-- -----io---- -system-- -------cpu-------
 r  b   swpd   free   buff  cache   si   so    bi    bo   in   cs us sy id wa st gu
 1  0      0 217818096  37160 25773236    0    0     0     6 1143  192  8  0 92  0  0  0
 1  0      0 217786544  37168 25773192    0    0     0    10 1176  262  6  2 92  0  0  0
 1  0      0 217794236  37168 25773192    0    0     0     2 1949  694  9  0 90  0  0  0
 1  0      0 217766480  37168 25773192    0    0     0     8 1175  261  6  2 92  0  0  0
 1  0      0 217792728  37176 25773192    0    0     0    32 1144  202  8  0 92  0  0  0
 1  0      0 217775192  37176 25773192    0    0     0     0 1149  237  6  2 92  0  0  0
 1  0      0 217805700  37176 25773192    0    0     0     6 1135  182  8  0 92  0  0  0
 1  0      0 217789916  37184 25773176    0    0     0    28 1173  276  6  2 92  0  0  0
 1  0      0 217793004  37184 25773176    0    0     0     0 1114  164  8  0 92  0  0  0
 1  0      0 217796652  37184 25773208    0    0     0     6 1168  261  6  2 92  0  0  0
 1  0      0 217800028  37192 25773200    0    0     0    10 1130  186  8  0 92  0  0  0
 1  0      0 217791660  37192 25773176    0    0     0     0 1155  249  6  2 92  0  0  0
 1  0      0 217799008  37192 25773176    0    0     0     6 1152  224  8  0 92  0  0  0
 1  0      0 217798676  37200 25773224    0    0     0    12 1167  233  6  2 92  0  0  0
 1  0      0 218346120  37200 25773224    0    0     0     0 1155  247  8  0 92  0  0  0
 1  0      0 217792508  37200 25773176    0    0     0     6 1130  178  7  2 92  0  0  0
 1  0      0 218347712  37208 25773168    0    0     0    12 1167  254  8  1 92  0  0  0
 1  0      0 217795744  37208 25773176    0    0     0     0 1132  189  7  1 92  0  0  0
 1  0      0 218391844  37208 25773352    0    0     0     6 1161  243  7  1 92  0  0  0
 1  0      0 217802720  37216 25773200    0    0     0    12 1139  198  7  1 92  0  0  0
 1  0      0 218123736  37216 25773208    0    0     0     0 1154  246  7  1 92  0  0  0
procs -----------memory---------- ---swap-- -----io---- -system-- -------cpu-------
 r  b   swpd   free   buff  cache   si   so    bi    bo   in   cs us sy id wa st gu
 1  0      0 217806920  37216 25773208    0    0     0     6 1144  185  8  1 92  0  0  0
 1  0      0 217957080  37224 25773192    0    0     0    10 1174  271  7  2 92  0  0  0
 1  0      0 217811936  37224 25773196    0    0     0     0 1764  599  8  1 91  0  0  0
 1  0      0 217861360  37224 25773196    0    0     0     6 1176  276  6  2 92  0  0  0
 1  0      0 217811664  37232 25773196    0    0     0    16 1127  180  8  0 92  0  0  0
 1  0      0 217783052  37232 25773180    0    0     0     6 1174  267  6  2 92  0  0  0
 1  0      0 217809552  37232 25773180    0    0     0     6 1138  184  8  0 92  0  0  0
 1  0      0 217779260  37240 25773212    0    0     0    22 1178  284  6  2 92  0  0  0
 1  0      0 217805984  37240 25773212    0    0     0     0 1123  167  8  0 92  0  0  0
 1  0      0 217785432  37240 25773212    0    0     0     6 1304  305  6  2 92  0  0  0
 1  0      0 217804108  37248 25773204    0    0     0    18 1135  181  8  0 92  0  0  0
 1  0      0 217783708  37248 25773244    0    0     0     2 1182  293  6  2 92  0  0  0
 1  0      0 217810432  37248 25773244    0    0     0     6 1148  173  8  0 92  0  0  0
 1  0      0 217811700  37256 25773220    0    0     0    12 1214  337  6  2 92  0  0  0
 1  0      0 217814852  37256 25773228    0    0     0     0 1113  149  8  0 92  0  0  0
 1  0      0 217810680  37256 25773180    0    0     0     6 1178  274  6  2 92  0  0  0
 1  0      0 217814056  37264 25773172    0    0     0    10 1124  177  8  0 92  0  0  0
 1  0      0 217802840  37264 25773180    0    0     0     0 1172  276  6  2 92  0  0  0
 1  0      0 217809964  37264 25773180    0    0     0     6 1134  182  8  0 92  0  0  0
 1  0      0 217801820  37272 25773228    0    0     0    10 1173  272  6  2 92  0  0  0
 1  0      0 218340728  37272 25773228    0    0     0     0 1132  206  8  0 92  0  0  0
procs -----------memory---------- ---swap-- -----io---- -system-- -------cpu-------
 r  b   swpd   free   buff  cache   si   so    bi    bo   in   cs us sy id wa st gu
 1  0      0 217800612  37272 25773196    0    0     0     6 1163  230  6  2 92  0  0  0
 1  0      0 218347668  37280 25773192    0    0     0    10 1145  236  8  1 92  0  0  0
 1  0      0 217792360  37280 25773252    0    0     0     2 1708  541  8  2 91  0  0  0
 1  0      0 218393024  37280 25773248    0    0     0     8 1479  421  7  1 92  0  0  0
 1  0      0 217812196  37288 25773200    0    0     0    30 1156  213  7  1 92  0  0  0
 1  0      0 218303644  37288 25773216    0    0     0     4 1164  250  7  1 92  0  0  0
 1  0      0 217810932  37288 25773216    0    0     0     6 1152  208  7  1 92  0  0  0
 1  0      0 218045236  37296 25773232    0    0     0    30 1148  244  7  2 92  0  0  0
 1  0      0 217818728  37296 25773232    0    0     0     0 1144  205  8  1 92  0  0  0
 1  0      0 217963932  37296 25773216    0    0     0     6 1153  234  7  2 92  0  0  0
 1  0      0 217818476  37304 25773216    0    0     0    12 1157  228  8  0 92  0  0  0
 1  0      0 217859748  37304 25773200    0    0     0     0 1147  246  6  2 92  0  0  0
 1  0      0 217817892  37304 25773200    0    0     0     6 1145  197  8  0 92  0  0  0
 1  0      0 217787068  37312 25773192    0    0     0    10 1158  256  6  2 92  0  0  0
 1  0      0 217813792  37312 25773200    0    0     0     0 1128  179  8  0 92  0  0  0
 1  0      0 217790668  37312 25773184    0    0     0     6 1162  254  6  2 92  0  0  0
 1  0      0 217809344  37320 25773184    0    0     0    10 1141  194  8  0 92  0  0  0
 1  0      0 217790140  37320 25773216    0    0     0     0 1151  247  6  2 92  0  0  0
 1  0      0 217815136  37320 25773216    0    0     0     6 1241  244  8  0 92  0  0  0
 1  0      0 217810964  37328 25773184    0    0     0    16 1170  278  6  2 92  0  0  0
 1  0      0 217814116  37328 25773184    0    0     0     0 1130  185  8  0 92  0  0  0
procs -----------memory---------- ---swap-- -----io---- -system-- -------cpu-------
 r  b   swpd   free   buff  cache   si   so    bi    bo   in   cs us sy id wa st gu
 1  0      0 217810248  37328 25773184    0    0     0     8 1180  274  6  2 92  0  0  0
 1  0      0 217813624  37336 25773176    0    0     0    14 1134  182  8  0 92  0  0  0
 1  0      0 217809452  37336 25773216    0    0     0     0 1155  251  6  2 92  0  0  0
 1  0      0 217815280  37336 25773216    0    0     0     6 1763  595  8  0 91  0  0  0
 1  0      0 217807504  37344 25773200    0    0     0    16 1184  289  6  2 92  0  0  0
 1  0      0 218141160  37344 25773200    0    0     0     0 1141  221  8  0 92  0  0  0
 1  0      0 217807132  37344 25773184    0    0     0    10 1155  217  6  2 92  0  0  0
 1  0      0 218353812  37352 25773176    0    0     0    16 1164  246  8  1 92  0  0  0
 1  0      0 217805900  37352 25773216    0    0     0     0 1126  181  7  2 92  0  0  0
 1  0      0 218374684  37352 25773216    0    0     0     6 1170  264  7  1 92  0  0  0
 1  0      0 217810280  37360 25773216    0    0     0    10 1135  193  7  1 92  0  0  0
 1  0      0 218332576  37360 25773280    0    0     0     0 1160  252  7  1 92  0  0  0
 1  0      0 217807860  37360 25773280    0    0     0     6 1141  187  7  1 92  0  0  0
 1  0      0 218041476  37368 25773200    0    0     0    12 1156  254  7  2 92  0  0  0
 1  0      0 217814968  37368 25773200    0    0     0     0 1129  194  8  1 92  0  0  0
 1  0      0 217956268  37368 25773232    0    0     0     6 1163  249  7  2 92  0  0  0
 1  0      0 217810560  37376 25773232    0    0     0    12 1137  199  8  0 92  0  0  0
 1  0      0 217912744  37376 25773232    0    0     0     0 1158  253  6  2 92  0  0  0
 1  0      0 217806888  37376 25773236    0    0     0     8 1131  182  8  0 92  0  0  0
 1  0      0 217873888  37384 25773240    0    0     0    18 2126  801  7  3 90  0  0  0
 1  0      0 217803916  37384 25773240    0    0     0     0 1127  189  8  0 92  0  0  0
procs -----------memory---------- ---swap-- -----io---- -system-- -------cpu-------
 r  b   swpd   free   buff  cache   si   so    bi    bo   in   cs us sy id wa st gu
 1  0      0 217826964  37384 25773224    0    0     0     6 1174  278  6  2 92  0  0  0
 1  0      0 217813540  37392 25773228    0    0     0    40 1138  185  8  0 92  0  0  0
 1  0      0 217794076  37392 25773244    0    0     0     0 1162  263  6  2 92  0  0  0
 1  0      0 217825004  37400 25773240    0    0     0    66 1749  607  8  0 91  0  0  0
 1  0      0 217663660  37400 25773260    0    0     0     0 1182  292  6  3 92  0  0  0
 1  0      0 217690160  37400 25773260    0    0     0     0 1125  171  8  0 92  0  0  0
 1  0      0 217667384  37408 25773292    0    0     0    20 1186  284  6  2 92  0  0  0
 1  0      0 217681964  37408 25773292    0    0     0     0 1131  166  8  0 92  0  0  0
 1  0      0 217668392  37408 25773292    0    0     0     0 1175  281  6  2 92  0  0  0
 1  0      0 217694892  37416 25773292    0    0     0    16 1153  186  8  0 92  0  0  0
 1  0      0 217665744  37416 25773260    0    0     0     0 1207  338  6  2 92  0  0  0
 1  0      0 217692244  37416 25773260    0    0     0     0 1112  163  8  0 92  0  0  0
 1  0      0 217662348  37424 25773292    0    0     0    16 1181  280  6  2 92  0  0  0
 1  0      0 217688848  37424 25773292    0    0     0     0 1126  180  8  0 92  0  0  0
 1  0      0 217660064  37424 25773292    0    0     0     0 1168  271  6  2 92  0  0  0
 1  0      0 217689436  37432 25773284    0    0     0    16 1132  177  8  0 92  0  0  0
 1  0      0 217659284  37432 25773276    0    0     0     0 1171  270  6  2 92  0  0  0
 1  0      0 217693856  37432 25773276    0    0     0     0 1117  163  8  0 92  0  0  0
 1  0      0 217681960  37440 25773276    0    0     0    16 1195  286  6  2 92  0  0  0
 1  0      0 217724588  37440 25773276    0    0     0     0 1123  166  8  0 92  0  0  0
 1  0      0 217736752  37440 25773308    0    0     0     0 1169  271  6  2 92  0  0  0
procs -----------memory---------- ---swap-- -----io---- -system-- -------cpu-------
 r  b   swpd   free   buff  cache   si   so    bi    bo   in   cs us sy id wa st gu
 1  0      0 217747760  37448 25773300    0    0     0    16 1127  170  8  0 92  0  0  0
 1  0      0 217743892  37448 25773260    0    0     0     0 1173  281  6  2 92  0  0  0
 1  0      0 217755044  37448 25773260    0    0     0     0 1122  163  8  0 92  0  0  0
 1  0      0 217757336  37456 25773312    0    0     0    20 1749  611  6  2 91  0  0  0
 1  0      0 217772148  37456 25773312    0    0     0     0 1212  271  8  0 92  0  0  0
 1  0      0 217778884  37456 25773280    0    0     0     0 1184  284  6  2 92  0  0  0
 1  0      0 217970100  37464 25773280    0    0     0    32 1150  220  8  0 92  0  0  0
 1  0      0 217790084  37464 25773280    0    0     0     0 1166  242  6  2 92  0  0  0
 1  0      0 218342752  37464 25773280    0    0     0     0 1145  232  8  1 92  0  0  0
 1  0      0 217791740  37472 25773296    0    0     0    24 1168  219  7  2 92  0  0  0
 1  0      0 218367152  37472 25773296    0    0     0     0 1144  230  7  1 92  0  0  0
 1  0      0 217814812  37472 25773296    0    0     0     2 1142  195  7  1 92  0  0  0
 1  0      0 218400700  37480 25773412    0    0     0    16 1304  343  7  1 92  0  0  0
 1  0      0 217812736  37480 25773268    0    0     0     0 1203  237  7  1 92  0  0  0
 1  0      0 218133280  37480 25773284    0    0     0     0 1141  232  7  2 92  0  0  0
 1  0      0 217810192  37488 25773284    0    0     0    42 1164  224  8  1 92  0  0  0
 1  0      0 217961152  37488 25773316    0    0     0     0 1141  224  7  2 92  0  0  0
 1  0      0 217815472  37488 25773316    0    0     0     0 1153  212  8  0 92  0  0  0
 1  0      0 217885892  37496 25773284    0    0     0    40 1177  254  6  2 92  0  0  0
 1  0      0 217812032  37496 25773284    0    0     0     0 1136  193  8  0 92  0  0  0
 1  0      0 217784512  37504 25773316    0    0     0    10 1147  250  6  2 92  0  0  0
procs -----------memory---------- ---swap-- -----io---- -system-- -------cpu-------
 r  b   swpd   free   buff  cache   si   so    bi    bo   in   cs us sy id wa st gu
 1  0      0 217811012  37504 25773316    0    0     0     6 1140  182  8  0 92  0  0  0
 1  0      0 217784140  37504 25773304    0    0     0     0 1161  264  6  2 92  0  0  0
 1  0      0 217810640  37512 25773304    0    0     0    10 1136  189  8  0 92  0  0  0
 1  0      0 217781596  37512 25773272    0    0     0     8 1186  258  6  2 92  0  0  0
 1  0      0 217783520  37512 25773276    0    0     0     2 2048  684  9  0 91  0  0  0
 1  0      0 217779996  37520 25773284    0    0     0    26 1164  270  6  2 92  0  0  0
 1  0      0 217783148  37520 25773292    0    0     0    12 1145  192  8  0 92  0  0  0
 1  0      0 217784240  37520 25773292    0    0     0     0 1165  266  6  2 92  0  0  0
 1  0      0 217787556  37528 25773292    0    0     0    32 1135  181  8  0 92  0  0  0
 1  0      0 217790220  37528 25773324    0    0     0     6 1174  261  6  2 92  0  0  0
 1  0      0 217793164  37528 25773324    0    0     0     0 1126  181  8  0 92  0  0  0
 1  0      0 217785484  37536 25773292    0    0     0    20 1169  264  6  2 92  0  0  0
 1  0      0 218337984  37536 25773292    0    0     0     6 1152  231  8  0 92  0  0  0
 1  0      0 217781764  37536 25773276    0    0     0     0 1149  210  6  2 92  0  0  0
 1  0      0 218342024  37544 25773268    0    0     0    12 1168  263  8  0 92  0  0  0
 1  0      0 217777880  37544 25773308    0    0     0     6 1140  186  7  2 92  0  0  0
 1  0      0 218365300  37544 25773308    0    0     0     0 1179  267  7  1 92  0  0  0
 1  0      0 217776468  37552 25773276    0    0     0    10 1135  195  7  1 92  0  0  0
 1  0      0 218347300  37552 25773292    0    0     0     6 1167  255  7  1 92  0  0  0
 1  0      0 217790444  37552 25773292    0    0     0     0 1134  187  7  1 92  0  0  0
 1  0      0 218078744  37560 25773292    0    0     0    10 1159  247  7  2 92  0  0  0
procs -----------memory---------- ---swap-- -----io---- -system-- -------cpu-------
 r  b   swpd   free   buff  cache   si   so    bi    bo   in   cs us sy id wa st gu
 1  0      0 217788164  37560 25773292    0    0     0     6 1152  205  8  1 92  0  0  0
 1  0      0 217933472  37560 25773276    0    0     0     0 1153  238  6  2 92  0  0  0
 1  0      0 217787792  37568 25773276    0    0     0    10 1137  193  8  0 92  0  0  0
 1  0      0 217858976  37568 25773292    0    0     0     6 1168  258  6  2 92  0  0  0
 1  0      0 217807832  37568 25773288    0    0     0     0 1769  585  8  0 91  0  0  0
 1  0      0 217778240  37576 25773308    0    0     0    16 1185  309  6  2 92  0  0  0
 1  0      0 217804740  37576 25773308    0    0     0     6 1152  180  8  0 92  0  0  0
 1  0      0 217777868  37576 25773292    0    0     0     4 1210  318  6  2 92  0  0  0
 1  0      0 217804376  37584 25773284    0    0     0    18 1130  172  8  0 92  0  0  0
 1  0      0 217777504  37584 25773308    0    0     0     6 1172  261  6  2 92  0  0  0
 1  0      0 217804004  37584 25773308    0    0     0     0 1128  172  8  0 92  0  0  0
 1  0      0 217798544  37592 25773284    0    0     0    12 1179  278  6  2 92  0  0  0
 1  0      0 217801696  37592 25773292    0    0     0     6 1128  165  8  0 92  0  0  0
 1  0      0 217801008  37592 25773324    0    0     0     0 1178  283  6  2 92  0  0  0
 1  0      0 217803952  37600 25773324    0    0     0    10 1120  159  8  0 92  0  0  0
 1  0      0 217797544  37600 25773276    0    0     0     6 1188  288  6  2 92  0  0  0
 1  0      0 217800696  37600 25773276    0    0     0     0 1123  164  8  0 92  0  0  0
 1  0      0 217798848  37608 25773260    0    0     0    12 1178  273  6  2 92  0  0  0
 1  0      0 218216712  37608 25773260    0    0     0     6 1142  211  8  0 92  0  0  0
 1  0      0 217788052  37608 25773308    0    0     0     0 1154  223  6  2 92  0  0  0
 1  0      0 218359564  37616 25773300    0    0     0    12 1191  268  8  0 92  0  0  0
procs -----------memory---------- ---swap-- -----io---- -system-- -------cpu-------
 r  b   swpd   free   buff  cache   si   so    bi    bo   in   cs us sy id wa st gu
 1  0      0 217799672  37616 25773292    0    0     0     6 1153  204  7  2 92  0  0  0
 1  0      0 218386064  37616 25773296    0    0     0     0 1144  233  7  1 92  0  0  0
 1  0      0 217797864  37624 25773300    0    0     0    10 1146  211  7  1 92  0  0  0
 1  0      0 218346024  37628 25773312    0    0     0     8 1155  229  7  1 92  0  0  0
 1  0      0 217803480  37628 25773316    0    0     0     0 1178  230  7  1 92  0  0  0
 1  0      0 218058764  37636 25773300    0    0     0    32 2058  735  8  2 91  0  0  0
 1  0      0 217796216  37636 25773300    0    0     0     6 1159  221  8  1 92  0  0  0
 1  0      0 217951752  37636 25773300    0    0     0     4 1180  251  7  2 92  0  0  0
 1  0      0 217799092  37644 25773300    0    0     0    32 1230  248  8  0 92  0  0  0
 1  0      0 217855804  37644 25773300    0    0     0     6 1162  258  6  2 92  0  0  0
 1  0      0 217797820  37644 25773300    0    0     0     4 1142  197  8  0 92  0  0  0
 1  0      0 217770948  37652 25773316    0    0     0    14 1168  261  6  2 92  0  0  0
 1  0      0 217797448  37652 25773316    0    0     0     6 1148  187  8  0 92  0  0  0
 1  0      0 217769700  37652 25773284    0    0     0     0 1240  289  6  2 92  0  0  0
 1  0      0 217796200  37660 25773284    0    0     0    12 1152  220  8  0 92  0  0  0
 1  0      0 217766916  37660 25773348    0    0     0     8 1169  248  6  2 92  0  0  0
 1  0      0 217793416  37660 25773348    0    0     0     0 1140  189  8  0 92  0  0  0
 1  0      0 217774608  37668 25773276    0    0     0    12 1163  252  6  2 92  0  0  0
 1  0      0 217801108  37668 25773284    0    0     0     6 1146  186  8  0 92  0  0  0
 1  0      0 217795184  37668 25773300    0    0     0     0 1160  274  6  2 92  0  0  0
 1  0      0 217798336  37676 25773300    0    0     0    12 1131  179  8  0 92  0  0  0
procs -----------memory---------- ---swap-- -----io---- -system-- -------cpu-------
 r  b   swpd   free   buff  cache   si   so    bi    bo   in   cs us sy id wa st gu
 1  0      0 217794164  37676 25773300    0    0     0     6 1173  267  6  2 92  0  0  0
 1  0      0 217797316  37676 25773300    0    0     0     0 1126  172  8  0 92  0  0  0
 1  0      0 217788132  37684 25773292    0    0     0    12 1166  261  6  2 92  0  0  0
 1  0      0 217795480  37684 25773300    0    0     0     6 1151  219  8  0 92  0  0  0
 1  0      0 217776184  37684 25773284    0    0     0     0 1153  220  6  2 92  0  0  0
 1  0      0 218363492  37692 25773284    0    0     0    18 1896  692  8  1 91  0  0  0
 1  0      0 217799508  37692 25773284    0    0     0     6 1149  203  7  2 92  0  0  0
 1  0      0 218386916  37692 25773284    0    0     0     0 1159  248  8  1 92  0  0  0
 1  0      0 217798488  37700 25773284    0    0     0    20 1154  208  7  1 92  0  0  0
 1  0      0 218394432  37700 25773284    0    0     0     6 1160  249  7  1 92  0  0  0
 1  0      0 217805716  37700 25773284    0    0     0     4 1146  194  7  1 92  0  0  0
 1  0      0 218221748  37708 25773308    0    0     0    10 1160  253  7  1 92  0  0  0
 1  0      0 217801892  37708 25773316    0    0     0     6 1145  189  8  1 92  0  0  0
 1  0      0 217952936  37708 25773284    0    0     0     0 1168  260  7  2 92  0  0  0
 1  0      0 217799004  37716 25773276    0    0     0    10 1130  191  8  0 92  0  0  0
 1  0      0 217900660  37716 25773300    0    0     0     6 1176  258  6  2 92  0  0  0
 1  0      0 217802888  37716 25773300    0    0     0     0 1131  177  8  0 92  0  0  0
 1  0      0 217775724  37724 25773276    0    0     0    10 1167  272  6  2 92  0  0  0
 1  0      0 217798128  37724 25773284    0    0     0     6 1144  190  8  0 92  0  0  0
 1  0      0 217775700  37724 25773300    0    0     0     0 1164  266  6  2 92  0  0  0
 1  0      0 217802200  37732 25773292    0    0     0    10 1129  180  8  0 92  0  0  0
procs -----------memory---------- ---swap-- -----io---- -system-- -------cpu-------
 r  b   swpd   free   buff  cache   si   so    bi    bo   in   cs us sy id wa st gu
 1  0      0 217774680  37732 25773284    0    0     0     6 1169  259  6  2 92  0  0  0
 1  0      0 217800928  37732 25773288    0    0     0     0 1113  159  8  0 92  0  0  0
 1  0      0 217770764  37740 25773280    0    0     0    10 1187  295  6  2 92  0  0  0
 1  0      0 217797264  37740 25773288    0    0     0     8 1142  177  8  0 92  0  0  0
 1  0      0 217799744  37740 25773304    0    0     0     0 1195  311  6  2 92  0  0  0
 1  0      0 217804676  37748 25773304    0    0     0    20 2036  679  9  0 90  0  0  0
 1  0      0 217801056  37748 25773324    0    0     0     6 1187  293  6  2 92  0  0  0
 1  0      0 217805732  37748 25773324    0    0     0     0 1124  170  8  0 92  0  0  0
 1  0      0 217797112  37756 25773308    0    0     0    36 1184  294  6  2 92  0  0  0
 1  0      0 217804460  37756 25773312    0    0     0     8 1135  178  8  0 92  0  0  0
 3  0      0 217796092  37764 25773304    0    0     0    30 1176  269  6  2 92  0  0  0
 1  0      0 218367204  37764 25773312    0    0     0     0 1143  220  8  0 92  0  0  0
 1  0      0 217795072  37764 25773328    0    0     0     6 1158  225  6  2 92  0  0  0
 1  0      0 218362452  37772 25773320    0    0     0    24 1199  262  8  1 92  0  0  0
 1  0      0 217790348  37772 25773312    0    0     0     0 1147  198  7  2 92  0  0  0
 1  0      0 218369620  37772 25773312    0    0     0     6 1159  242  7  1 92  0  0  0
 1  0      0 217796928  37780 25773344    0    0     0    18 1163  215  7  1 92  0  0  0
 1  0      0 218214648  37780 25773312    0    0     0     0 1149  237  7  1 92  0  0  0
 1  0      0 217802856  37780 25773312    0    0     0     6 1154  201  8  1 92  0  0  0
 1  0      0 217953564  37788 25773312    0    0     0    10 1147  237  7  2 92  0  0  0
 1  0      0 217799820  37788 25773312    0    0     0     0 1143  200  8  0 92  0  0  0
procs -----------memory---------- ---swap-- -----io---- -system-- -------cpu-------
 r  b   swpd   free   buff  cache   si   so    bi    bo   in   cs us sy id wa st gu
 1  0      0 217873056  37788 25773328    0    0     0     6 1161  239  6  2 92  0  0  0
 1  0      0 217795416  37796 25773328    0    0     0    10 1148  212  8  0 92  0  0  0
 1  0      0 217767896  37796 25773328    0    0     0     0 1147  248  6  2 92  0  0  0
 1  0      0 217794396  37796 25773328    0    0     0     6 1146  195  8  0 92  0  0  0
 2  0      0 217766876  37804 25773312    0    0     0    10 1159  258  6  2 92  0  0  0
 1  0      0 217793152  37804 25773312    0    0     0     0 1161  199  8  0 92  0  0  0
 1  0      0 217776632  37804 25773296    0    0     0     6 1806  667  6  2 91  0  0  0
 1  0      0 217803132  37812 25773296    0    0     0    16 1142  204  8  0 92  0  0  0
 1  0      0 217779124  37812 25773328    0    0     0     4 1296  313  6  2 92  0  0  0
 1  0      0 217797588  37812 25773328    0    0     0     6 1137  185  8  0 92  0  0  0
 1  0      0 217795592  37820 25773328    0    0     0    18 1178  278  6  2 92  0  0  0
 1  0      0 217798744  37820 25773328    0    0     0     4 1136  184  8  0 92  0  0  0
 1  0      0 217794572  37820 25773312    0    0     0     6 1167  255  6  2 92  0  0  0
 1  0      0 217797724  37828 25773312    0    0     0    14 1140  188  8  0 92  0  0  0
 1  0      0 217789236  37828 25773296    0    0     0     0 1160  255  6  2 92  0  0  0
 1  0      0 218292460  37828 25773296    0    0     0     6 1149  221  8  0 92  0  0  0
 1  0      0 217780392  37836 25773312    0    0     0    10 1157  229  6  2 92  0  0  0
 1  0      0 218351904  37836 25773312    0    0     0     0 1148  241  8  1 92  0  0  0
 1  0      0 217779004  37836 25773296    0    0     0     6 1137  190  7  2 92  0  0  0
 1  0      0 218355948  37844 25773288    0    0     0    10 1163  252  7  1 92  0  0  0
 1  0      0 217791288  37844 25773296    0    0     0     0 1125  183  7  1 92  0  0  0
procs -----------memory---------- ---swap-- -----io---- -system-- -------cpu-------
 r  b   swpd   free   buff  cache   si   so    bi    bo   in   cs us sy id wa st gu
 1  0      0 218314200  37844 25773344    0    0     0     6 1169  253  7  1 92  0  0  0
 1  0      0 217789512  37852 25773344    0    0     0    12 1135  197  7  1 92  0  0  0
 1  0      0 218020748  37852 25773304    0    0     0     0 1151  244  7  2 92  0  0  0
 1  0      0 217794428  37852 25773304    0    0     0     8 1138  189  8  1 92  0  0  0
 1  0      0 217939776  37860 25773312    0    0     0    18 1165  260  7  2 92  0  0  0
 1  0      0 217794096  37860 25773324    0    0     0     0 1127  185  8  0 92  0  0  0
 1  0      0 217796420  37860 25773324    0    0     0     8 2080  743  7  2 90  0  0  0
 1  0      0 217790428  37868 25773316    0    0     0    32 1135  185  8  0 92  0  0  0
 1  0      0 217765424  37868 25773324    0    0     0     0 1169  260  6  2 92  0  0  0
 1  0      0 217792608  37868 25773324    0    0     0    10 1141  182  8  0 92  0  0  0
 1  0      0 217768852  37876 25773324    0    0     0    36 1272  330  6  2 92  0  0  0
 1  0      0 217787528  37876 25773324    0    0     0     0 1116  164  8  0 92  0  0  0
 1  0      0 217767884  37876 25773308    0    0     0     6 1180  271  6  2 92  0  0  0
 1  0      0 217794384  37884 25773308    0    0     0    42 1134  178  8  0 92  0  0  0
 1  0      0 217787452  37884 25773308    0    0     0     0 1167  272  6  2 92  0  0  0
 1  0      0 217790604  37892 25773308    0    0     0    16 1131  177  8  0 92  0  0  0
 1  0      0 217790716  37892 25773324    0    0     0     0 1182  274  6  2 92  0  0  0
 1  0      0 217793868  37892 25773324    0    0     0     0 1105  150  8  0 92  0  0  0
 1  0      0 217777436  37900 25773340    0    0     0    16 1209  291  6  2 92  0  0  0
 1  0      0 217784784  37900 25773340    0    0     0     0 1129  191  8  0 92  0  0  0
 1  0      0 217784480  37900 25773340    0    0     0     0 1174  260  6  2 92  0  0  0
procs -----------memory---------- ---swap-- -----io---- -system-- -------cpu-------
 r  b   swpd   free   buff  cache   si   so    bi    bo   in   cs us sy id wa st gu
 1  0      0 218339056  37908 25773340    0    0     0    16 1167  246  8  0 92  0  0  0
 1  0      0 217783208  37908 25773308    0    0     0     0 1145  210  7  2 92  0  0  0
 1  0      0 218354332  37908 25773308    0    0     0     0 1164  271  8  1 92  0  0  0
 1  0      0 217782188  37916 25773332    0    0     0    16 1157  206  7  1 92  0  0  0
 1  0      0 218358744  37916 25773340    0    0     0     0 1158  245  7  1 92  0  0  0
 1  0      0 217790588  37916 25773324    0    0     0     0 1139  200  7  1 92  0  0  0
 1  0      0 218075716  37924 25773340    0    0     0    16 1837  648  7  2 91  0  0  0
 2  0      0 217786268  37924 25773344    0    0     0     0 1152  220  8  1 92  0  0  0
 1  0      0 217943864  37924 25773344    0    0     0     0 1142  232  7  2 92  0  0  0
 1  0      0 217772468  37932 25773344    0    0     0    34 1163  230  8  0 92  0  0  0
 1  0      0 217849988  37932 25773328    0    0     0     0 1151  237  6  2 92  0  0  0
 1  0      0 217787972  37932 25773328    0    0     0     0 1132  182  8  0 92  0  0  0
 1  0      0 217758252  37940 25773312    0    0     0    40 1181  264  6  2 92  0  0  0
 1  0      0 217784752  37940 25773312    0    0     0     0 1128  177  8  0 92  0  0  0
 1  0      0 217756484  37940 25773312    0    0     0     0 1158  258  6  2 92  0  0  0
 1  0      0 217782984  37948 25773312    0    0     0    16 1142  192  8  0 92  0  0  0
 1  0      0 217754680  37948 25773328    0    0     0     0 1143  242  6  2 92  0  0  0
 1  0      0 217781180  37948 25773328    0    0     0     0 1125  181  8  0 92  0  0  0
 1  0      0 217777008  37956 25773336    0    0     0    16 1175  265  6  2 92  0  0  0
 1  0      0 217780160  37956 25773344    0    0     0     0 1132  180  8  0 92  0  0  0
 1  0      0 217772744  37956 25773312    0    0     0     0 1203  288  6  2 92  0  0  0
procs -----------memory---------- ---swap-- -----io---- -system-- -------cpu-------
 r  b   swpd   free   buff  cache   si   so    bi    bo   in   cs us sy id wa st gu
 1  0      0 217775896  37964 25773304    0    0     0    20 1147  193  8  0 92  0  0  0
 2  0      0 217773832  37964 25773332    0    0     0     2 1169  268  6  2 92  0  0  0
 1  0      0 217781180  37964 25773332    0    0     0     0 1136  200  8  0 92  0  0  0
 1  0      0 217771152  37972 25773332    0    0     0    28 1174  251  6  2 92  0  0  0
 1  0      0 218317444  37972 25773332    0    0     0     0 1157  250  8  0 92  0  0  0
 1  0      0 217769352  37972 25773348    0    0     0     0 1132  182  6  2 92  0  0  0
 1  0      0 218339984  37980 25773348    0    0     0    22 1225  283  8  1 92  0  0  0
 1  0      0 217740840  37980 25773364    0    0     0     2 1983  666  8  2 91  0  0  0
 1  0      0 218309636  37980 25773364    0    0     0     2 1172  274  7  1 92  0  0  0
 1  0      0 217744452  37988 25773340    0    0     0    36 1152  203  7  1 92  0  0  0
 1  0      0 218139096  37988 25773320    0    0     0     0 1155  245  7  1 92  0  0  0
 1  0      0 217751496  37988 25773320    0    0     0     0 1129  182  8  1 92  0  0  0
 1  0      0 217903236  37996 25773328    0    0     0    32 1178  258  7  2 92  0  0  0
 1  0      0 217757556  37996 25773336    0    0     0     0 1141  203  8  0 92  0  0  0
 1  0      0 217827044  37996 25773336    0    0     0     0 1165  265  6  2 92  0  0  0
 1  0      0 217745360  38004 25773328    0    0     0    16 1135  175  8  0 92  0  0  0
 1  0      0 217725904  38004 25773352    0    0     0     0 1174  265  6  2 92  0  0  0
 1  0      0 217748668  38004 25773352    0    0     0     0 1229  221  8  0 92  0  0  0
 1  0      0 217721148  38012 25773328    0    0     0    30 1200  283  6  2 92  0  0  0
 1  0      0 217747648  38012 25773336    0    0     0     4 1128  169  8  0 92  0  0  0
 1  0      0 217720128  38012 25773352    0    0     0     0 1174  268  6  2 92  0  0  0
procs -----------memory---------- ---swap-- -----io---- -system-- -------cpu-------
 r  b   swpd   free   buff  cache   si   so    bi    bo   in   cs us sy id wa st gu
 1  0      0 217738804  38020 25773344    0    0     0    16 1132  174  8  0 92  0  0  0
 1  0      0 217747908  38020 25773352    0    0     0     0 1172  269  6  2 92  0  0  0
 1  0      0 217750820  38020 25773352    0    0     0     0 1121  168  8  0 92  0  0  0
 1  0      0 217742212  38028 25773368    0    0     0    16 1189  288  6  2 92  0  0  0
 1  0      0 217745364  38028 25773368    0    0     0     0 1118  152  8  0 92  0  0  0
 1  0      0 217741448  38028 25773352    0    0     0     0 1174  275  6  2 92  0  0  0
 1  0      0 217744548  38036 25773344    0    0     0    16 1134  176  8  0 92  0  0  0
 1  0      0 217761028  38036 25773316    0    0     0     0 1987  722  6  3 91  0  0  0
 1  0      0 218218484  38036 25773320    0    0     0     0 1137  219  8  0 92  0  0  0
 1  0      0 217761488  38044 25773352    0    0     0    34 1181  241  6  2 92  0  0  0
 1  0      0 218307392  38044 25773352    0    0     0     0 1156  232  8  1 92  0  0  0
 1  0      0 217758852  38044 25773352    0    0     0     0 1143  197  7  2 92  0  0  0
 1  0      0 218320664  38052 25773344    0    0     0    30 1178  262  7  1 92  0  0  0
 1  0      0 217772424  38052 25773384    0    0     0     0 1154  205  7  1 92  0  0  0
 1  0      0 218317156  38052 25773384    0    0     0     0 1235  273  7  1 92  0  0  0
 1  0      0 217768024  38060 25773352    0    0     0    22 1171  226  7  1 92  0  0  0
 1  0      0 218024068  38060 25773352    0    0     0     0 1159  226  7  2 92  0  0  0
 1  0      0 217765492  38060 25773352    0    0     0     6 1182  257  8  1 92  0  0  0
 1  0      0 217917356  38068 25773328    0    0     0    24 1184  249  7  2 92  0  0  0
 1  0      0 217771488  38068 25773336    0    0     0     0 1159  208  8  0 92  0  0  0
 1  0      0 217780068  38068 25773352    0    0     0     0 1176  279  6  2 92  0  0  0
procs -----------memory---------- ---swap-- -----io---- -system-- -------cpu-------
 r  b   swpd   free   buff  cache   si   so    bi    bo   in   cs us sy id wa st gu
 1  0      0 217770216  38076 25773344    0    0     0    18 1148  193  8  0 92  0  0  0
 1  0      0 217735680  38076 25773340    0    0     0     0 1177  260  6  2 92  0  0  0
 1  0      0 217762180  38076 25773340    0    0     0     0 1134  182  8  0 92  0  0  0
 1  0      0 217742724  38084 25773344    0    0     0    32 1176  260  6  2 92  0  0  0
 1  0      0 217769224  38084 25773344    0    0     0     0 1135  185  8  0 92  0  0  0
 1  0      0 217734336  38084 25773360    0    0     0     0 1154  251  6  2 92  0  0  0
 1  0      0 217760836  38092 25773360    0    0     0    28 1166  205  8  0 92  0  0  0
 1  0      0 217764104  38092 25773332    0    0     0     2 2117  760  7  2 91  0  0  0
 1  0      0 217767368  38092 25773332    0    0     0     6 1130  175  8  0 92  0  0  0
 1  0      0 217763844  38100 25773372    0    0     0    28 1197  285  6  2 92  0  0  0
 1  0      0 217766744  38100 25773380    0    0     0     6 1137  181  8  0 92  0  0  0
 1  0      0 217758376  38100 25773380    0    0     0     0 1166  267  6  2 92  0  0  0
 1  0      0 217765724  38108 25773372    0    0     0    34 1154  217  8  0 92  0  0  0
 1  0      0 217753576  38108 25773332    0    0     0     0 1165  222  6  2 92  0  0  0
 1  0      0 218300644  38108 25773332    0    0     0     0 1153  242  8  0 92  0  0  0
 1  0      0 217752556  38116 25773324    0    0     0    24 1154  196  6  2 92  0  0  0
 1  0      0 218315532  38116 25773332    0    0     0     0 1177  263  8  1 92  0  0  0
 1  0      0 217759600  38116 25773348    0    0     0     0 1131  182  7  1 92  0  0  0
 1  0      0 218328396  38124 25773340    0    0     0    16 1184  267  7  1 92  0  0  0
 1  0      0 217755880  38124 25773364    0    0     0     0 1143  195  7  1 92  0  0  0
 1  0      0 218157028  38124 25773348    0    0     0     0 1153  243  7  1 92  0  0  0
procs -----------memory---------- ---swap-- -----io---- -system-- -------cpu-------
 r  b   swpd   free   buff  cache   si   so    bi    bo   in   cs us sy id wa st gu
 1  0      0 217759600  38132 25773340    0    0     0    16 1157  208  8  1 92  0  0  0
 1  0      0 217913012  38132 25773380    0    0     0     0 1159  248  7  2 92  0  0  0
 1  0      0 217759268  38132 25773380    0    0     0     0 1131  181  8  0 92  0  0  0
 1  0      0 217831856  38140 25773364    0    0     0    16 1188  276  6  2 92  0  0  0
 1  0      0 217758248  38140 25773364    0    0     0     0 1133  181  8  0 92  0  0  0
 1  0      0 217730280  38140 25773348    0    0     0     0 1178  280  6  2 92  0  0  0
 1  0      0 217756276  38148 25773340    0    0     0    18 1152  184  8  0 92  0  0  0
 1  0      0 217737468  38148 25773352    0    0     0     0 1195  266  6  2 92  0  0  0
 1  0      0 217799412  38148 25773352    0    0     0     2 1799  636  8  0 91  0  0  0
 1  0      0 217767888  38156 25773384    0    0     0    26 1192  284  6  2 92  0  0  0
 1  0      0 217794136  38156 25773384    0    0     0     4 1135  190  8  0 92  0  0  0
 1  0      0 217786536  38156 25773416    0    0     0     0 1175  273  6  2 92  0  0  0
 1  0      0 217789480  38164 25773408    0    0     0    26 1131  166  8  0 92  0  0  0
 1  0      0 217792152  38164 25773400    0    0     0     0 1180  281  6  2 92  0  0  0
 1  0      0 217795304  38164 25773400    0    0     0     0 1114  150  8  0 92  0  0  0
 1  0      0 217785728  38172 25773408    0    0     0    20 1299  346  6  2 92  0  0  0
 1  0      0 217789044  38172 25773416    0    0     0     2 1134  168  8  0 92  0  0  0
 1  0      0 217780676  38172 25773416    0    0     0     0 1168  273  6  2 92  0  0  0
 1  0      0 218336280  38180 25773416    0    0     0    28 1166  227  8  0 92  0  0  0
 1  0      0 217780304  38180 25773384    0    0     0     0 1154  221  6  2 92  0  0  0
 1  0      0 218311076  38188 25773376    0    0     0    10 1151  252  8  1 92  0  0  0
procs -----------memory---------- ---swap-- -----io---- -system-- -------cpu-------
 r  b   swpd   free   buff  cache   si   so    bi    bo   in   cs us sy id wa st gu
 1  0      0 217779284  38188 25773432    0    0     0     6 1148  197  7  2 92  0  0  0
 1  0      0 218363988  38188 25773436    0    0     0     0 1146  236  7  1 92  0  0  0
 1  0      0 217791468  38196 25773380    0    0     0    10 1148  211  7  1 92  0  0  0
 1  0      0 218297148  38196 25773484    0    0     0     8 1177  248  7  1 92  0  0  0
 1  0      0 217788500  38196 25773388    0    0     0     0 1180  263  7  1 92  0  0  0
 1  0      0 218271292  38204 25773396    0    0     0    16 1133  210  8  0 92  0  0  0
 1  0      0 218287420  38204 25773404    0    0     0     6 1131  155  8  0 92  0  0  0
 1  0      0 218520660  38204 25773436    0    0     0     0 1250  388  8  1 92  0  0  0
 1  0      0 218554012  38212 25773444    0    0     0    20 2240 1007  8  1 91  0  0  0
 1  0      0 218577616  38212 25773420    0    0     0     6 1330  555  8  1 92  0  0  0
 1  0      0 218548832  38212 25773436    0    0     0     4 1309  517  8  1 92  0  0  0
 1  0      0 218593960  38220 25773436    0    0     0    20 1326  524  7  1 92  0  0  0
 1  0      0 218617380  38220 25773436    0    0     0     6 1328  537  7  1 92  0  0  0
 1  0      0 218572828  38228 25773444    0    0     0    20 1310  500  7  1 92  0  0  0
 1  0      0 218618212  38228 25773564    0    0     0     0 1339  555  7  1 92  0  0  0
 1  0      0 218626188  38228 25773468    0    0     0     6 1311  506  7  1 92  0  0  0
 1  0      0 218610252  38236 25773420    0    0     0     8 1334  532  8  1 92  0  0  0
 1  0      0 218671540  38236 25773436    0    0     0     0 1345  569  7  1 92  0  0  0
 1  0      0 218888532  38236 25773452    0    0     0     6 1325  516  8  1 92  0  0  0
 1  0      0 219011220  38244 25773436    0    0     0     8 1324  545  8  1 92  0  0  0
 1  0      0 218971620  38244 25773452    0    0     0     0 1325  538  8  1 92  0  0  0
procs -----------memory---------- ---swap-- -----io---- -system-- -------cpu-------
 r  b   swpd   free   buff  cache   si   so    bi    bo   in   cs us sy id wa st gu
 1  0      0 218971596  38244 25773468    0    0     0     6 1314  514  8  1 92  0  0  0
 1  0      0 218971740  38252 25773436    0    0     0    10 1313  537  8  1 92  0  0  0
 1  0      0 218993404  38252 25773452    0    0     0     0 1303  525  7  1 92  0  0  0
 1  0      0 218992808  38252 25773452    0    0     0     6 1320  551  8  1 92  0  0  0
 1  0      0 218995720  38260 25773436    0    0     0    10 1300  514  8  1 92  0  0  0
 1  0      0 218980432  38260 25773452    0    0     0     0 1301  520  8  1 92  0  0  0
 1  0      0 218980708  38260 25773420    0    0     0     6 1304  520  8  1 92  0  0  0
 1  0      0 219027416  38268 25773504    0    0     0     8 1317  544  8  1 92  0  0  0
 1  0      0 218974124  38268 25773436    0    0     0     0 1870  884  8  1 91  0  0  0
 1  0      0 218960348  38268 25773448    0    0     0     6 1324  562  8  1 92  0  0  0
 1  0      0 218987844  38276 25773440    0    0     0    14 1298  526  8  1 92  0  0  0
 1  0      0 219027504  38276 25773560    0    0     0     8 1316  554  8  1 92  0  0  0
 1  0      0 218997620  38276 25773464    0    0     0     6 1301  508  8  1 92  0  0  0
 1  0      0 218986380  38284 25773448    0    0     0    24 1315  551  8  1 92  0  0  0
 1  0      0 218992924  38284 25773432    0    0     0     0 1293  528  8  1 92  0  0  0
 1  0      0 218997112  38284 25773512    0    0     0     6 1314  537  8  1 92  0  0  0
 1  0      0 218973704  38292 25773432    0    0     0    22 1294  514  8  1 92  0  0  0
 1  0      0 218960304  38292 25773480    0    0     0     0 1291  523  8  1 92  0  0  0
 1  0      0 218995880  38292 25773448    0    0     0     6 1303  539  8  1 92  0  0  0
 1  0      0 219043764  38300 25773560    0    0     0     8 1305  541  8  1 92  0  0  0
 1  0      0 218997560  38300 25773448    0    0     0     0 1294  501  8  1 92  0  0  0
procs -----------memory---------- ---swap-- -----io---- -system-- -------cpu-------
 r  b   swpd   free   buff  cache   si   so    bi    bo   in   cs us sy id wa st gu
 1  0      0 218993644  38300 25773416    0    0     0     6 1355  583  7  1 92  0  0  0
 1  0      0 219021384  38308 25773552    0    0     0    12 1346  565  8  1 92  0  0  0
 1  0      0 218973668  38308 25773440    0    0     0     0 1312  548  7  1 92  0  0  0
 2  0      0 218969560  38308 25773456    0    0     0    14 1299  519  8  1 92  0  0  0
 1  0      0 218960196  38316 25773456    0    0     0    24 1311  538  7  1 92  0  0  0
 1  0      0 218995804  38316 25773424    0    0     0     0 1296  524  8  1 92  0  0  0
 1  0      0 218994840  38316 25773456    0    0     0     6 1311  541  8  1 92  0  0  0
 1  0      0 218997516  38324 25773440    0    0     0    22 1313  526  7  1 92  0  0  0
 1  0      0 218997644  38324 25773456    0    0     0     0 1328  546  8  1 92  0  0  0
 1  0      0 218976528  38324 25773584    0    0     0     8 2119  988  8  1 90  0  0  0
 1  0      0 218936336  38332 25773488    0    0     0    24 1303  552  8  1 92  0  0  0
 1  0      0 218936212  38332 25773456    0    0     0     4 1292  510  7  1 92  0  0  0
 1  0      0 218960128  38332 25773440    0    0     0     6 1318  553  8  1 92  0  0  0
 1  0      0 218992812  38340 25773456    0    0     0    26 1307  537  8  1 92  0  0  0
 1  0      0 218961552  38340 25773440    0    0     0     0 1399  572  8  1 92  0  0  0
 1  0      0 218950564  38340 25773472    0    0     0     8 1299  525  8  1 92  0  0  0
 1  0      0 218989900  38348 25773440    0    0     0    14 1313  542  8  1 92  0  0  0
 1  0      0 218937628  38348 25773440    0    0     0     2 1313  535  8  1 92  0  0  0
 1  0      0 218937496  38348 25773440    0    0     0     6 1310  523  8  1 92  0  0  0
 1  0      0 218958816  38356 25773456    0    0     0    12 1293  524  8  1 92  0  0  0
 1  0      0 218992036  38356 25773568    0    0     0     0 1306  545  8  1 92  0  0  0
