0 MiB, 0 %
0 MiB, 0 %
0 MiB, 0 %
0 MiB, 0 %
0 MiB, 0 %
0 MiB, 0 %
0 MiB, 0 %
0 MiB, 0 %
0 MiB, 0 %
25891 MiB, 100 %
5847 MiB, 36 %
39157 MiB, 100 %
5843 MiB, 0 %
39409 MiB, 99 %
5839 MiB, 0 %
39405 MiB, 100 %
5835 MiB, 0 %
39401 MiB, 100 %
9687 MiB, 0 %
39397 MiB, 100 %
9683 MiB, 0 %
39393 MiB, 100 %
9679 MiB, 59 %
39389 MiB, 100 %
28843 MiB, 100 %
39385 MiB, 100 %
29863 MiB, 100 %
41429 MiB, 100 %
30321 MiB, 99 %
42153 MiB, 100 %
30317 MiB, 100 %
5803 MiB, 99 %
30313 MiB, 62 %
5799 MiB, 56 %
30309 MiB, 100 %
5795 MiB, 0 %
39105 MiB, 100 %
5791 MiB, 0 %
39357 MiB, 99 %
5787 MiB, 0 %
39353 MiB, 100 %
5783 MiB, 0 %
39349 MiB, 100 %
9635 MiB, 0 %
39345 MiB, 100 %
9631 MiB, 54 %
39341 MiB, 100 %
9627 MiB, 100 %
39337 MiB, 100 %
29815 MiB, 100 %
39333 MiB, 100 %
29811 MiB, 97 %
41377 MiB, 100 %
30269 MiB, 100 %
5755 MiB, 99 %
30265 MiB, 36 %
5751 MiB, 64 %
30261 MiB, 100 %
5747 MiB, 55 %
31441 MiB, 100 %
5743 MiB, 0 %
39309 MiB, 100 %
5739 MiB, 0 %
39305 MiB, 100 %
5735 MiB, 0 %
39301 MiB, 100 %
5731 MiB, 0 %
39297 MiB, 100 %
9583 MiB, 0 %
39293 MiB, 100 %
9707 MiB, 4 %
39417 MiB, 100 %
9703 MiB, 75 %
39413 MiB, 100 %
9699 MiB, 100 %
39409 MiB, 100 %
28863 MiB, 100 %
39405 MiB, 100 %
29883 MiB, 90 %
41449 MiB, 100 %
30341 MiB, 100 %
42173 MiB, 100 %
30337 MiB, 76 %
5823 MiB, 98 %
30333 MiB, 80 %
5819 MiB, 66 %
30329 MiB, 100 %
5815 MiB, 0 %
39125 MiB, 100 %
5811 MiB, 0 %
39377 MiB, 99 %
5807 MiB, 0 %
39373 MiB, 99 %
5803 MiB, 0 %
39369 MiB, 100 %
5799 MiB, 0 %
39365 MiB, 100 %
9651 MiB, 0 %
39361 MiB, 100 %
9647 MiB, 13 %
39357 MiB, 100 %
9643 MiB, 100 %
39353 MiB, 100 %
28807 MiB, 100 %
39349 MiB, 100 %
29827 MiB, 93 %
39345 MiB, 100 %
29823 MiB, 99 %
41709 MiB, 100 %
30281 MiB, 100 %
5767 MiB, 99 %
30277 MiB, 52 %
5763 MiB, 51 %
30273 MiB, 100 %
5759 MiB, 25 %
38045 MiB, 100 %
5755 MiB, 0 %
39321 MiB, 100 %
5751 MiB, 0 %
39317 MiB, 100 %
5747 MiB, 0 %
39313 MiB, 100 %
5743 MiB, 0 %
39309 MiB, 100 %
5739 MiB, 0 %
39305 MiB, 100 %
5735 MiB, 0 %
39301 MiB, 100 %
9269 MiB, 0 %
39297 MiB, 100 %
9583 MiB, 0 %
39293 MiB, 100 %
9261 MiB, 0 %
39417 MiB, 100 %
9703 MiB, 0 %
39413 MiB, 100 %
9699 MiB, 0 %
39409 MiB, 100 %
9695 MiB, 0 %
39405 MiB, 100 %
9691 MiB, 3 %
39401 MiB, 100 %
9687 MiB, 25 %
39397 MiB, 100 %
9683 MiB, 84 %
39393 MiB, 100 %
15343 MiB, 100 %
39389 MiB, 100 %
29867 MiB, 98 %
39385 MiB, 100 %
30007 MiB, 99 %
42133 MiB, 100 %
30321 MiB, 100 %
5807 MiB, 99 %
30317 MiB, 34 %
5803 MiB, 54 %
30313 MiB, 100 %
5799 MiB, 44 %
38085 MiB, 100 %
5795 MiB, 0 %
39105 MiB, 100 %
5791 MiB, 0 %
39357 MiB, 98 %
5787 MiB, 0 %
39353 MiB, 100 %
5783 MiB, 0 %
39349 MiB, 100 %
9635 MiB, 0 %
39345 MiB, 100 %
9631 MiB, 4 %
39341 MiB, 100 %
9627 MiB, 86 %
39337 MiB, 100 %
15287 MiB, 100 %
39333 MiB, 100 %
29811 MiB, 100 %
39329 MiB, 100 %
29951 MiB, 99 %
42077 MiB, 100 %
30265 MiB, 100 %
5751 MiB, 99 %
30261 MiB, 37 %
5747 MiB, 52 %
30257 MiB, 100 %
5743 MiB, 53 %
38029 MiB, 100 %
5739 MiB, 0 %
39305 MiB, 100 %
5735 MiB, 0 %
39301 MiB, 98 %
5731 MiB, 0 %
39297 MiB, 100 %
5727 MiB, 0 %
39293 MiB, 100 %
9579 MiB, 0 %
39417 MiB, 100 %
9703 MiB, 18 %
39413 MiB, 100 %
9699 MiB, 100 %
39409 MiB, 100 %
15359 MiB, 100 %
39405 MiB, 100 %
29883 MiB, 91 %
39401 MiB, 100 %
30023 MiB, 100 %
42149 MiB, 99 %
30337 MiB, 61 %
5823 MiB, 92 %
30333 MiB, 100 %
5819 MiB, 90 %
30329 MiB, 100 %
5815 MiB, 0 %
38101 MiB, 100 %
5811 MiB, 0 %
39377 MiB, 99 %
5807 MiB, 0 %
39373 MiB, 100 %
5803 MiB, 0 %
39369 MiB, 100 %
5799 MiB, 0 %
39365 MiB, 100 %
9651 MiB, 0 %
39361 MiB, 100 %
9647 MiB, 52 %
39357 MiB, 100 %
9643 MiB, 100 %
39353 MiB, 100 %
10823 MiB, 100 %
39349 MiB, 100 %
29827 MiB, 92 %
39345 MiB, 100 %
29823 MiB, 99 %
41389 MiB, 100 %
30281 MiB, 100 %
5767 MiB, 99 %
30277 MiB, 68 %
5763 MiB, 53 %
30273 MiB, 100 %
5759 MiB, 0 %
30269 MiB, 100 %
5755 MiB, 0 %
39065 MiB, 100 %
5751 MiB, 0 %
39317 MiB, 100 %
5747 MiB, 0 %
39313 MiB, 100 %
5743 MiB, 0 %
39309 MiB, 100 %
9277 MiB, 0 %
39305 MiB, 100 %
9591 MiB, 9 %
39301 MiB, 100 %
9587 MiB, 98 %
39297 MiB, 100 %
9583 MiB, 100 %
39293 MiB, 100 %
28875 MiB, 100 %
39417 MiB, 100 %
29895 MiB, 99 %
41461 MiB, 100 %
30353 MiB, 100 %
42185 MiB, 99 %
30349 MiB, 45 %
5835 MiB, 76 %
30345 MiB, 100 %
5831 MiB, 73 %
30341 MiB, 100 %
5827 MiB, 0 %
39137 MiB, 100 %
5823 MiB, 0 %
39389 MiB, 99 %
5819 MiB, 0 %
39385 MiB, 100 %
5815 MiB, 0 %
39381 MiB, 100 %
9667 MiB, 0 %
39377 MiB, 100 %
9663 MiB, 11 %
39373 MiB, 100 %
9659 MiB, 100 %
39369 MiB, 100 %
11943 MiB, 100 %
39365 MiB, 100 %
29843 MiB, 93 %
39361 MiB, 100 %
29839 MiB, 100 %
41725 MiB, 100 %
30297 MiB, 82 %
5783 MiB, 98 %
30293 MiB, 100 %
5779 MiB, 89 %
30289 MiB, 100 %
5775 MiB, 0 %
39085 MiB, 100 %
5771 MiB, 0 %
39337 MiB, 98 %
5767 MiB, 0 %
39333 MiB, 100 %
5763 MiB, 0 %
39329 MiB, 100 %
5759 MiB, 0 %
39325 MiB, 100 %
9611 MiB, 0 %
39321 MiB, 100 %
9607 MiB, 62 %
39317 MiB, 100 %
9603 MiB, 100 %
39313 MiB, 100 %
28767 MiB, 100 %
39309 MiB, 100 %
29787 MiB, 98 %
41353 MiB, 100 %
30245 MiB, 100 %
5731 MiB, 99 %
30241 MiB, 36 %
5727 MiB, 49 %
30237 MiB, 100 %
5723 MiB, 26 %
38137 MiB, 100 %
5847 MiB, 0 %
39413 MiB, 99 %
5843 MiB, 0 %
39409 MiB, 100 %
5839 MiB, 0 %
39405 MiB, 100 %
5835 MiB, 0 %
39401 MiB, 100 %
9687 MiB, 0 %
39397 MiB, 100 %
9683 MiB, 32 %
39393 MiB, 100 %
9679 MiB, 100 %
39389 MiB, 100 %
28843 MiB, 100 %
39385 MiB, 100 %
29863 MiB, 92 %
41429 MiB, 100 %
30321 MiB, 100 %
42153 MiB, 99 %
30317 MiB, 34 %
5803 MiB, 66 %
30313 MiB, 100 %
5799 MiB, 61 %
30309 MiB, 100 %
5795 MiB, 0 %
39105 MiB, 100 %
5791 MiB, 0 %
39357 MiB, 99 %
5787 MiB, 0 %
39353 MiB, 100 %
5783 MiB, 0 %
39349 MiB, 100 %
9635 MiB, 0 %
39345 MiB, 100 %
9631 MiB, 11 %
39341 MiB, 100 %
9627 MiB, 100 %
39337 MiB, 100 %
15287 MiB, 100 %
39333 MiB, 100 %
29811 MiB, 98 %
39329 MiB, 100 %
29807 MiB, 100 %
41693 MiB, 99 %
30265 MiB, 36 %
5751 MiB, 51 %
30261 MiB, 100 %
5747 MiB, 37 %
30257 MiB, 100 %
5743 MiB, 0 %
38029 MiB, 100 %
5739 MiB, 0 %
39305 MiB, 99 %
5735 MiB, 0 %
39301 MiB, 100 %
5731 MiB, 0 %
39297 MiB, 100 %
5727 MiB, 0 %
39293 MiB, 100 %
9707 MiB, 13 %
39417 MiB, 100 %
9703 MiB, 100 %
39413 MiB, 100 %
9699 MiB, 100 %
39409 MiB, 100 %
28863 MiB, 92 %
39405 MiB, 100 %
29883 MiB, 100 %
41449 MiB, 100 %
30341 MiB, 75 %
7475 MiB, 98 %
30337 MiB, 96 %
5823 MiB, 82 %
30333 MiB, 100 %
5819 MiB, 0 %
30329 MiB, 100 %
5815 MiB, 0 %
39125 MiB, 99 %
5811 MiB, 0 %
39377 MiB, 100 %
5807 MiB, 0 %
39373 MiB, 100 %
5803 MiB, 0 %
39369 MiB, 100 %
9655 MiB, 0 %
39365 MiB, 100 %
9651 MiB, 61 %
39361 MiB, 100 %
9647 MiB, 100 %
39357 MiB, 100 %
15307 MiB, 100 %
39353 MiB, 100 %
29831 MiB, 98 %
39349 MiB, 100 %
29827 MiB, 100 %
41777 MiB, 99 %
30285 MiB, 35 %
5771 MiB, 53 %
30281 MiB, 100 %
5767 MiB, 43 %
30277 MiB, 100 %
5763 MiB, 0 %
39073 MiB, 100 %
5759 MiB, 0 %
39325 MiB, 100 %
5755 MiB, 0 %
5755 MiB, 0 %
5973 MiB, 8 %
7209 MiB, 33 %
5815 MiB, 90 %
6013 MiB, 11 %
7121 MiB, 39 %
5855 MiB, 82 %
6299 MiB, 5 %
5795 MiB, 64 %
5975 MiB, 46 %
7101 MiB, 8 %
5835 MiB, 86 %
6791 MiB, 11 %
5777 MiB, 69 %
5743 MiB, 74 %
7205 MiB, 35 %
6997 MiB, 3 %
5781 MiB, 54 %
5747 MiB, 83 %
7209 MiB, 20 %
6023 MiB, 27 %
5991 MiB, 55 %
5751 MiB, 92 %
7213 MiB, 14 %
6045 MiB, 10 %
5789 MiB, 60 %
5755 MiB, 95 %
7217 MiB, 32 %
6875 MiB, 9 %
5999 MiB, 45 %
5759 MiB, 75 %
7221 MiB, 15 %
6015 MiB, 9 %
5797 MiB, 57 %
5763 MiB, 88 %
7097 MiB, 17 %
6039 MiB, 38 %
5801 MiB, 81 %
5767 MiB, 48 %
7053 MiB, 0 %
6061 MiB, 18 %
5803 MiB, 71 %
5771 MiB, 75 %
7105 MiB, 11 %
6047 MiB, 47 %
5807 MiB, 87 %
5775 MiB, 58 %
6917 MiB, 0 %
5845 MiB, 50 %
5811 MiB, 96 %
7145 MiB, 23 %
5959 MiB, 36 %
5849 MiB, 88 %
5815 MiB, 52 %
6973 MiB, 0 %
5757 MiB, 44 %
5851 MiB, 95 %
