0 MiB, 0 %
0 MiB, 0 %
0 MiB, 0 %
0 MiB, 0 %
0 MiB, 0 %
0 MiB, 0 %
0 MiB, 0 %
0 MiB, 0 %
0 MiB, 0 %
25891 MiB, 100 %
5847 MiB, 0 %
38133 MiB, 100 %
5843 MiB, 0 %
39153 MiB, 98 %
5839 MiB, 0 %
39405 MiB, 100 %
5835 MiB, 0 %
39401 MiB, 100 %
5831 MiB, 0 %
39397 MiB, 100 %
5827 MiB, 0 %
39393 MiB, 100 %
5823 MiB, 0 %
39389 MiB, 100 %
9357 MiB, 0 %
39385 MiB, 100 %
9671 MiB, 6 %
39381 MiB, 100 %
9667 MiB, 16 %
39377 MiB, 100 %
9663 MiB, 75 %
39373 MiB, 100 %
9659 MiB, 100 %
39369 MiB, 100 %
9655 MiB, 100 %
39365 MiB, 100 %
9651 MiB, 100 %
39361 MiB, 100 %
15311 MiB, 100 %
39357 MiB, 100 %
28811 MiB, 93 %
39353 MiB, 100 %
29831 MiB, 89 %
39349 MiB, 100 %
29827 MiB, 99 %
41393 MiB, 100 %
29823 MiB, 100 %
41709 MiB, 99 %
30281 MiB, 90 %
42113 MiB, 98 %
30277 MiB, 31 %
5763 MiB, 49 %
30273 MiB, 83 %
5759 MiB, 71 %
30269 MiB, 100 %
5755 MiB, 90 %
30265 MiB, 86 %
5751 MiB, 73 %
30261 MiB, 100 %
5747 MiB, 76 %
30257 MiB, 100 %
5743 MiB, 14 %
30253 MiB, 100 %
5739 MiB, 0 %
30249 MiB, 100 %
5735 MiB, 0 %
31429 MiB, 100 %
5731 MiB, 0 %
39041 MiB, 99 %
5727 MiB, 0 %
39293 MiB, 100 %
5723 MiB, 0 %
39417 MiB, 99 %
5847 MiB, 0 %
39413 MiB, 100 %
5843 MiB, 0 %
39409 MiB, 100 %
5839 MiB, 0 %
39405 MiB, 100 %
5835 MiB, 0 %
39401 MiB, 100 %
5831 MiB, 0 %
39397 MiB, 100 %
9221 MiB, 0 %
39393 MiB, 100 %
9679 MiB, 0 %
39389 MiB, 100 %
9423 MiB, 0 %
39385 MiB, 100 %
9671 MiB, 0 %
39381 MiB, 100 %
9667 MiB, 12 %
39377 MiB, 100 %
9663 MiB, 73 %
39373 MiB, 100 %
9659 MiB, 100 %
39369 MiB, 100 %
9655 MiB, 100 %
39365 MiB, 100 %
11939 MiB, 100 %
39361 MiB, 100 %
28815 MiB, 95 %
39357 MiB, 100 %
28811 MiB, 92 %
39353 MiB, 100 %
29831 MiB, 92 %
39349 MiB, 100 %
29827 MiB, 100 %
41393 MiB, 100 %
30285 MiB, 100 %
42117 MiB, 99 %
30281 MiB, 60 %
5767 MiB, 89 %
30277 MiB, 59 %
5763 MiB, 50 %
30273 MiB, 100 %
5759 MiB, 78 %
30269 MiB, 100 %
5755 MiB, 7 %
30265 MiB, 100 %
5751 MiB, 0 %
30261 MiB, 100 %
5747 MiB, 0 %
38033 MiB, 100 %
5743 MiB, 0 %
39053 MiB, 99 %
5739 MiB, 0 %
39305 MiB, 99 %
5735 MiB, 0 %
39301 MiB, 100 %
5731 MiB, 0 %
39297 MiB, 100 %
5727 MiB, 0 %
39293 MiB, 100 %
5723 MiB, 0 %
39417 MiB, 100 %
5847 MiB, 0 %
39413 MiB, 100 %
5843 MiB, 0 %
39409 MiB, 100 %
9695 MiB, 0 %
39405 MiB, 100 %
9691 MiB, 5 %
39401 MiB, 100 %
9687 MiB, 35 %
39397 MiB, 100 %
9683 MiB, 84 %
39393 MiB, 100 %
9679 MiB, 100 %
39389 MiB, 100 %
9675 MiB, 100 %
39385 MiB, 100 %
15335 MiB, 100 %
39381 MiB, 100 %
28835 MiB, 90 %
39377 MiB, 100 %
29855 MiB, 98 %
41421 MiB, 100 %
29851 MiB, 100 %
41737 MiB, 100 %
30309 MiB, 100 %
5795 MiB, 99 %
30305 MiB, 38 %
5791 MiB, 57 %
30301 MiB, 88 %
5787 MiB, 73 %
30297 MiB, 100 %
5783 MiB, 25 %
30293 MiB, 100 %
5779 MiB, 0 %
30289 MiB, 100 %
5775 MiB, 0 %
39085 MiB, 100 %
5771 MiB, 0 %
39337 MiB, 98 %
5767 MiB, 0 %
39333 MiB, 100 %
5763 MiB, 0 %
39329 MiB, 100 %
5759 MiB, 0 %
39325 MiB, 100 %
5755 MiB, 0 %
39321 MiB, 100 %
9289 MiB, 0 %
39317 MiB, 100 %
9603 MiB, 5 %
39313 MiB, 100 %
9599 MiB, 53 %
39309 MiB, 100 %
9595 MiB, 100 %
39305 MiB, 100 %
9591 MiB, 100 %
39301 MiB, 100 %
11875 MiB, 100 %
39297 MiB, 100 %
28751 MiB, 100 %
39293 MiB, 100 %
29899 MiB, 88 %
40441 MiB, 100 %
29895 MiB, 100 %
41461 MiB, 100 %
30353 MiB, 100 %
42185 MiB, 99 %
30349 MiB, 46 %
5835 MiB, 68 %
30345 MiB, 100 %
5831 MiB, 91 %
30341 MiB, 100 %
5827 MiB, 2 %
30337 MiB, 100 %
5823 MiB, 0 %
38109 MiB, 100 %
5819 MiB, 0 %
39129 MiB, 99 %
5815 MiB, 0 %
39381 MiB, 99 %
5811 MiB, 0 %
39377 MiB, 100 %
5807 MiB, 0 %
39373 MiB, 100 %
5803 MiB, 0 %
39369 MiB, 100 %
5799 MiB, 0 %
39365 MiB, 100 %
5795 MiB, 0 %
39361 MiB, 100 %
9647 MiB, 0 %
39357 MiB, 100 %
9643 MiB, 6 %
39353 MiB, 100 %
9639 MiB, 56 %
39349 MiB, 100 %
9635 MiB, 100 %
39345 MiB, 100 %
9631 MiB, 100 %
39341 MiB, 100 %
28795 MiB, 100 %
39337 MiB, 100 %
29815 MiB, 90 %
39333 MiB, 100 %
29811 MiB, 98 %
41377 MiB, 99 %
29807 MiB, 100 %
41693 MiB, 99 %
30265 MiB, 100 %
5751 MiB, 48 %
30261 MiB, 100 %
5747 MiB, 66 %
30257 MiB, 100 %
5743 MiB, 0 %
30253 MiB, 100 %
5739 MiB, 0 %
31433 MiB, 100 %
5735 MiB, 0 %
39045 MiB, 98 %
5731 MiB, 0 %
39297 MiB, 100 %
5727 MiB, 0 %
39293 MiB, 100 %
5723 MiB, 0 %
39417 MiB, 100 %
5847 MiB, 0 %
39413 MiB, 100 %
5843 MiB, 0 %
39409 MiB, 100 %
9695 MiB, 2 %
39405 MiB, 100 %
9691 MiB, 51 %
39401 MiB, 100 %
9687 MiB, 100 %
39397 MiB, 100 %
9683 MiB, 100 %
39393 MiB, 100 %
9679 MiB, 100 %
39389 MiB, 100 %
15339 MiB, 90 %
39385 MiB, 100 %
29863 MiB, 91 %
39381 MiB, 100 %
29859 MiB, 100 %
41425 MiB, 100 %
29855 MiB, 100 %
41741 MiB, 99 %
30313 MiB, 56 %
11865 MiB, 79 %
30309 MiB, 81 %
5795 MiB, 65 %
30305 MiB, 100 %
5791 MiB, 36 %
30301 MiB, 100 %
5787 MiB, 0 %
30297 MiB, 100 %
5783 MiB, 0 %
30293 MiB, 100 %
5779 MiB, 0 %
29825 MiB, 100 %
5775 MiB, 0 %
39085 MiB, 99 %
5771 MiB, 0 %
39337 MiB, 99 %
5767 MiB, 0 %
39333 MiB, 100 %
5763 MiB, 0 %
39329 MiB, 100 %
5759 MiB, 0 %
39325 MiB, 100 %
5755 MiB, 0 %
39321 MiB, 100 %
5751 MiB, 0 %
39317 MiB, 100 %
9285 MiB, 0 %
39313 MiB, 100 %
9599 MiB, 13 %
39309 MiB, 100 %
9595 MiB, 72 %
39305 MiB, 100 %
9591 MiB, 100 %
39301 MiB, 100 %
9587 MiB, 100 %
39297 MiB, 100 %
9583 MiB, 100 %
39293 MiB, 100 %
15371 MiB, 100 %
39417 MiB, 100 %
28871 MiB, 90 %
39413 MiB, 100 %
29891 MiB, 98 %
39409 MiB, 100 %
29887 MiB, 99 %
41453 MiB, 100 %
29883 MiB, 100 %
41449 MiB, 99 %
30341 MiB, 100 %
42173 MiB, 98 %
30337 MiB, 36 %
5823 MiB, 52 %
30333 MiB, 100 %
5819 MiB, 90 %
30329 MiB, 100 %
5815 MiB, 0 %
30325 MiB, 100 %
5811 MiB, 0 %
30321 MiB, 100 %
5807 MiB, 0 %
39117 MiB, 100 %
5803 MiB, 0 %
39369 MiB, 98 %
5799 MiB, 0 %
39365 MiB, 100 %
5795 MiB, 0 %
39361 MiB, 100 %
5791 MiB, 0 %
39357 MiB, 100 %
5787 MiB, 0 %
39353 MiB, 100 %
5783 MiB, 0 %
39349 MiB, 100 %
9635 MiB, 3 %
39345 MiB, 100 %
9631 MiB, 66 %
39341 MiB, 100 %
9627 MiB, 100 %
39337 MiB, 100 %
9623 MiB, 100 %
39333 MiB, 100 %
9619 MiB, 100 %
39329 MiB, 100 %
28783 MiB, 92 %
39325 MiB, 100 %
29803 MiB, 88 %
39321 MiB, 100 %
29799 MiB, 99 %
41365 MiB, 100 %
29795 MiB, 100 %
41361 MiB, 99 %
30253 MiB, 98 %
42085 MiB, 98 %
30249 MiB, 42 %
5735 MiB, 47 %
30245 MiB, 100 %
5731 MiB, 90 %
30241 MiB, 100 %
5727 MiB, 0 %
30237 MiB, 100 %
5723 MiB, 0 %
38137 MiB, 100 %
5847 MiB, 0 %
39157 MiB, 99 %
5843 MiB, 0 %
39409 MiB, 100 %
5839 MiB, 0 %
39405 MiB, 100 %
5835 MiB, 0 %
39401 MiB, 100 %
5831 MiB, 0 %
39397 MiB, 100 %
5827 MiB, 0 %
39393 MiB, 100 %
9361 MiB, 0 %
39389 MiB, 100 %
9675 MiB, 0 %
39385 MiB, 100 %
9671 MiB, 0 %
39381 MiB, 100 %
9667 MiB, 0 %
39377 MiB, 100 %
9663 MiB, 3 %
39373 MiB, 100 %
9659 MiB, 26 %
39369 MiB, 100 %
9655 MiB, 84 %
39365 MiB, 100 %
15315 MiB, 100 %
39361 MiB, 100 %
28815 MiB, 100 %
39357 MiB, 100 %
29835 MiB, 100 %
41401 MiB, 100 %
29831 MiB, 90 %
41397 MiB, 100 %
30289 MiB, 98 %
42121 MiB, 100 %
30285 MiB, 100 %
5771 MiB, 99 %
30281 MiB, 44 %
5767 MiB, 70 %
30277 MiB, 87 %
5763 MiB, 73 %
30273 MiB, 100 %
5759 MiB, 30 %
39325 MiB, 100 %
5755 MiB, 0 %
5755 MiB, 0 %
5757 MiB, 68 %
7041 MiB, 69 %
5823 MiB, 0 %
5797 MiB, 84 %
7129 MiB, 42 %
5943 MiB, 55 %
5831 MiB, 0 %
7165 MiB, 28 %
5997 MiB, 96 %
5739 MiB, 37 %
5835 MiB, 11 %
7121 MiB, 68 %
5983 MiB, 66 %
5743 MiB, 1 %
6315 MiB, 66 %
5813 MiB, 53 %
5779 MiB, 9 %
7065 MiB, 64 %
6055 MiB, 63 %
5815 MiB, 7 %
6973 MiB, 58 %
5757 MiB, 64 %
5851 MiB, 6 %
7185 MiB, 48 %
5999 MiB, 80 %
5759 MiB, 0 %
7221 MiB, 17 %
6875 MiB, 74 %
5797 MiB, 63 %
5763 MiB, 7 %
7073 MiB, 66 %
6039 MiB, 65 %
5799 MiB, 0 %
7133 MiB, 42 %
5965 MiB, 95 %
5835 MiB, 11 %
7169 MiB, 47 %
5983 MiB, 79 %
5743 MiB, 0 %
7205 MiB, 24 %
6283 MiB, 85 %
5781 MiB, 41 %
5747 MiB, 16 %
7033 MiB, 79 %
5815 MiB, 5 %
7149 MiB, 40 %
5981 MiB, 95 %
5851 MiB, 31 %
7185 MiB, 32 %
6071 MiB, 79 %
5759 MiB, 0 %
7221 MiB, 44 %
6053 MiB, 88 %
5795 MiB, 6 %
7129 MiB, 48 %
5943 MiB, 70 %
5831 MiB, 17 %
